[2022-03-13T19:46:06.277+0800][0.043s] Using G1
[2022-03-13T19:46:06.509+0800][0.269s] Version: 16+36-2231 (release)
[2022-03-13T19:46:06.509+0800][0.269s] CPUs: 12 total, 12 available
[2022-03-13T19:46:06.509+0800][0.269s] Memory: 24377M
[2022-03-13T19:46:06.509+0800][0.269s] Large Page Support: Disabled
[2022-03-13T19:46:06.509+0800][0.269s] NUMA Support: Disabled
[2022-03-13T19:46:06.509+0800][0.269s] Compressed Oops: Enabled (32-bit)
[2022-03-13T19:46:06.509+0800][0.269s] Heap Region Size: 1M
[2022-03-13T19:46:06.509+0800][0.269s] Heap Min Capacity: 512M
[2022-03-13T19:46:06.509+0800][0.269s] Heap Initial Capacity: 512M
[2022-03-13T19:46:06.509+0800][0.269s] Heap Max Capacity: 512M
[2022-03-13T19:46:06.509+0800][0.269s] Pre-touch: Enabled
[2022-03-13T19:46:06.511+0800][0.271s] Parallel Workers: 10
[2022-03-13T19:46:06.511+0800][0.271s] Concurrent Workers: 3
[2022-03-13T19:46:06.511+0800][0.271s] Concurrent Refinement Workers: 10
[2022-03-13T19:46:06.511+0800][0.271s] Periodic GC: Disabled
[2022-03-13T19:46:06.511+0800][0.272s] CDS archive(s) mapped at: [0x0000000800000000-0x0000000800bb0000-0x0000000800bb0000), size 12255232, SharedBaseAddress: 0x0000000800000000, ArchiveRelocationMode: 0.
[2022-03-13T19:46:06.511+0800][0.272s] Compressed class space mapped at: 0x0000000800c00000-0x0000000840c00000, reserved size: 1073741824
[2022-03-13T19:46:06.511+0800][0.272s] Narrow klass base: 0x0000000800000000, Narrow klass shift: 3, Narrow klass range: 0x100000000
[2022-03-13T19:46:07.249+0800][1.009s] GC(0) Pause Young (Normal) (G1 Evacuation Pause)
[2022-03-13T19:46:07.249+0800][1.010s] GC(0) Using 10 workers of 10 for evacuation
[2022-03-13T19:46:07.249+0800][1.013s] GC(0)   Pre Evacuate Collection Set: 0.1ms
[2022-03-13T19:46:07.249+0800][1.013s] GC(0)   Merge Heap Roots: 0.0ms
[2022-03-13T19:46:07.249+0800][1.013s] GC(0)   Evacuate Collection Set: 1.9ms
[2022-03-13T19:46:07.249+0800][1.013s] GC(0)   Post Evacuate Collection Set: 0.5ms
[2022-03-13T19:46:07.249+0800][1.013s] GC(0)   Other: 0.6ms
[2022-03-13T19:46:07.249+0800][1.013s] GC(0) Eden regions: 29->0(43)
[2022-03-13T19:46:07.249+0800][1.013s] GC(0) Survivor regions: 0->4(4)
[2022-03-13T19:46:07.249+0800][1.013s] GC(0) Old regions: 0->0
[2022-03-13T19:46:07.249+0800][1.013s] GC(0) Archive regions: 0->0
[2022-03-13T19:46:07.249+0800][1.013s] GC(0) Humongous regions: 0->0
[2022-03-13T19:46:07.249+0800][1.013s] GC(0) Metaspace: 6706K(6848K)->6706K(6848K) NonClass: 5942K(6016K)->5942K(6016K) Class: 764K(832K)->764K(832K)
[2022-03-13T19:46:07.249+0800][1.013s] GC(0) Pause Young (Normal) (G1 Evacuation Pause) 29M->3M(512M) 3.377ms
[2022-03-13T19:46:07.249+0800][1.013s] GC(0) User=0.00s Sys=0.00s Real=0.00s
[2022-03-13T19:46:08.170+0800][1.933s] GC(1) Pause Young (Normal) (G1 Evacuation Pause)
[2022-03-13T19:46:08.170+0800][1.933s] GC(1) Using 10 workers of 10 for evacuation
[2022-03-13T19:46:08.178+0800][1.941s] GC(1)   Pre Evacuate Collection Set: 0.1ms
[2022-03-13T19:46:08.178+0800][1.941s] GC(1)   Merge Heap Roots: 0.1ms
[2022-03-13T19:46:08.178+0800][1.941s] GC(1)   Evacuate Collection Set: 7.2ms
[2022-03-13T19:46:08.178+0800][1.941s] GC(1)   Post Evacuate Collection Set: 0.7ms
[2022-03-13T19:46:08.178+0800][1.941s] GC(1)   Other: 0.1ms
[2022-03-13T19:46:08.178+0800][1.941s] GC(1) Eden regions: 43->0(243)
[2022-03-13T19:46:08.178+0800][1.941s] GC(1) Survivor regions: 4->6(6)
[2022-03-13T19:46:08.178+0800][1.942s] GC(1) Old regions: 0->10
[2022-03-13T19:46:08.178+0800][1.942s] GC(1) Archive regions: 0->0
[2022-03-13T19:46:08.178+0800][1.942s] GC(1) Humongous regions: 4->4
[2022-03-13T19:46:08.178+0800][1.942s] GC(1) Metaspace: 15562K(15808K)->15562K(15808K) NonClass: 13779K(13888K)->13779K(13888K) Class: 1783K(1920K)->1783K(1920K)
[2022-03-13T19:46:08.178+0800][1.942s] GC(1) Pause Young (Normal) (G1 Evacuation Pause) 50M->19M(512M) 8.408ms
[2022-03-13T19:46:08.178+0800][1.942s] GC(1) User=0.00s Sys=0.00s Real=0.01s
[2022-03-13T19:46:08.749+0800][2.508s] GC(2) Pause Young (Concurrent Start) (Metadata GC Threshold)
[2022-03-13T19:46:08.749+0800][2.508s] GC(2) Using 10 workers of 10 for evacuation
[2022-03-13T19:46:08.751+0800][2.512s] GC(2)   Pre Evacuate Collection Set: 0.1ms
[2022-03-13T19:46:08.751+0800][2.512s] GC(2)   Merge Heap Roots: 0.1ms
[2022-03-13T19:46:08.751+0800][2.512s] GC(2)   Evacuate Collection Set: 2.7ms
[2022-03-13T19:46:08.751+0800][2.512s] GC(2)   Post Evacuate Collection Set: 0.9ms
[2022-03-13T19:46:08.751+0800][2.512s] GC(2)   Other: 0.2ms
[2022-03-13T19:46:08.751+0800][2.512s] GC(2) Eden regions: 46->0(63)
[2022-03-13T19:46:08.751+0800][2.512s] GC(2) Survivor regions: 6->11(32)
[2022-03-13T19:46:08.751+0800][2.512s] GC(2) Old regions: 10->10
[2022-03-13T19:46:08.751+0800][2.512s] GC(2) Archive regions: 0->0
[2022-03-13T19:46:08.751+0800][2.512s] GC(2) Humongous regions: 4->4
[2022-03-13T19:46:08.751+0800][2.512s] GC(2) Metaspace: 20998K(21248K)->20998K(21248K) NonClass: 18670K(18816K)->18670K(18816K) Class: 2327K(2432K)->2327K(2432K)
[2022-03-13T19:46:08.751+0800][2.512s] GC(2) Pause Young (Concurrent Start) (Metadata GC Threshold) 64M->24M(512M) 4.296ms
[2022-03-13T19:46:08.751+0800][2.512s] GC(2) User=0.00s Sys=0.00s Real=0.00s
[2022-03-13T19:46:08.751+0800][2.512s] GC(3) Concurrent Mark Cycle
[2022-03-13T19:46:08.751+0800][2.512s] GC(3) Concurrent Clear Claimed Marks
[2022-03-13T19:46:08.751+0800][2.512s] GC(3) Concurrent Clear Claimed Marks 0.019ms
[2022-03-13T19:46:08.751+0800][2.512s] GC(3) Concurrent Scan Root Regions
[2022-03-13T19:46:08.753+0800][2.514s] GC(3) Concurrent Scan Root Regions 1.693ms
[2022-03-13T19:46:08.753+0800][2.514s] GC(3) Concurrent Mark
[2022-03-13T19:46:08.753+0800][2.514s] GC(3) Concurrent Mark From Roots
[2022-03-13T19:46:08.753+0800][2.514s] GC(3) Using 3 workers of 3 for marking
[2022-03-13T19:46:08.758+0800][2.520s] GC(3) Concurrent Mark From Roots 5.820ms
[2022-03-13T19:46:08.758+0800][2.520s] GC(3) Concurrent Preclean
[2022-03-13T19:46:08.758+0800][2.520s] GC(3) Concurrent Preclean 0.097ms
[2022-03-13T19:46:08.758+0800][2.520s] GC(3) Pause Remark
[2022-03-13T19:46:08.758+0800][2.524s] GC(3) Pause Remark 25M->25M(512M) 3.833ms
[2022-03-13T19:46:08.758+0800][2.524s] GC(3) User=0.00s Sys=0.00s Real=0.00s
[2022-03-13T19:46:08.758+0800][2.524s] GC(3) Concurrent Mark 10.172ms
[2022-03-13T19:46:08.758+0800][2.524s] GC(3) Concurrent Rebuild Remembered Sets
[2022-03-13T19:46:08.768+0800][2.528s] GC(3) Concurrent Rebuild Remembered Sets 3.373ms
[2022-03-13T19:46:08.768+0800][2.528s] GC(3) Pause Cleanup
[2022-03-13T19:46:08.768+0800][2.528s] GC(3) Pause Cleanup 26M->26M(512M) 0.163ms
[2022-03-13T19:46:08.768+0800][2.528s] GC(3) User=0.00s Sys=0.00s Real=0.00s
[2022-03-13T19:46:08.768+0800][2.528s] GC(3) Concurrent Cleanup for Next Mark
[2022-03-13T19:46:08.768+0800][2.528s] GC(3) Concurrent Cleanup for Next Mark 0.289ms
[2022-03-13T19:46:08.768+0800][2.528s] GC(3) Concurrent Mark Cycle 16.285ms
[2022-03-13T19:46:09.883+0800][3.645s] GC(4) Pause Young (Normal) (G1 Evacuation Pause)
[2022-03-13T19:46:09.883+0800][3.645s] GC(4) Using 10 workers of 10 for evacuation
[2022-03-13T19:46:09.887+0800][3.651s] GC(4)   Pre Evacuate Collection Set: 0.1ms
[2022-03-13T19:46:09.887+0800][3.651s] GC(4)   Merge Heap Roots: 0.1ms
[2022-03-13T19:46:09.887+0800][3.651s] GC(4)   Evacuate Collection Set: 4.8ms
[2022-03-13T19:46:09.887+0800][3.651s] GC(4)   Post Evacuate Collection Set: 0.9ms
[2022-03-13T19:46:09.887+0800][3.651s] GC(4)   Other: 0.1ms
[2022-03-13T19:46:09.887+0800][3.651s] GC(4) Eden regions: 65->0(297)
[2022-03-13T19:46:09.887+0800][3.651s] GC(4) Survivor regions: 11->10(10)
[2022-03-13T19:46:09.887+0800][3.651s] GC(4) Old regions: 10->16
[2022-03-13T19:46:09.887+0800][3.651s] GC(4) Archive regions: 0->0
[2022-03-13T19:46:09.887+0800][3.651s] GC(4) Humongous regions: 4->4
[2022-03-13T19:46:09.887+0800][3.651s] GC(4) Metaspace: 33498K(33856K)->33498K(33856K) NonClass: 29693K(29888K)->29693K(29888K) Class: 3805K(3968K)->3805K(3968K)
[2022-03-13T19:46:09.887+0800][3.651s] GC(4) Pause Young (Normal) (G1 Evacuation Pause) 89M->28M(512M) 6.210ms
[2022-03-13T19:46:09.887+0800][3.651s] GC(4) User=0.19s Sys=0.00s Real=0.00s
[2022-03-13T19:46:10.048+0800][3.810s] GC(5) Pause Young (Concurrent Start) (Metadata GC Threshold)
[2022-03-13T19:46:10.048+0800][3.810s] GC(5) Using 10 workers of 10 for evacuation
[2022-03-13T19:46:10.048+0800][3.814s] GC(5)   Pre Evacuate Collection Set: 0.1ms
[2022-03-13T19:46:10.048+0800][3.814s] GC(5)   Merge Heap Roots: 0.1ms
[2022-03-13T19:46:10.048+0800][3.814s] GC(5)   Evacuate Collection Set: 2.9ms
[2022-03-13T19:46:10.048+0800][3.814s] GC(5)   Post Evacuate Collection Set: 0.5ms
[2022-03-13T19:46:10.048+0800][3.814s] GC(5)   Other: 0.1ms
[2022-03-13T19:46:10.048+0800][3.814s] GC(5) Eden regions: 14->0(296)
[2022-03-13T19:46:10.048+0800][3.814s] GC(5) Survivor regions: 10->11(39)
[2022-03-13T19:46:10.048+0800][3.814s] GC(5) Old regions: 16->16
[2022-03-13T19:46:10.048+0800][3.814s] GC(5) Archive regions: 0->0
[2022-03-13T19:46:10.048+0800][3.814s] GC(5) Humongous regions: 4->4
[2022-03-13T19:46:10.048+0800][3.814s] GC(5) Metaspace: 35531K(35840K)->35531K(35840K) NonClass: 31407K(31552K)->31407K(31552K) Class: 4124K(4288K)->4124K(4288K)
[2022-03-13T19:46:10.048+0800][3.814s] GC(5) Pause Young (Concurrent Start) (Metadata GC Threshold) 42M->29M(512M) 3.920ms
[2022-03-13T19:46:10.048+0800][3.814s] GC(5) User=0.00s Sys=0.00s Real=0.00s
[2022-03-13T19:46:10.048+0800][3.814s] GC(6) Concurrent Mark Cycle
[2022-03-13T19:46:10.048+0800][3.814s] GC(6) Concurrent Clear Claimed Marks
[2022-03-13T19:46:10.048+0800][3.814s] GC(6) Concurrent Clear Claimed Marks 0.024ms
[2022-03-13T19:46:10.048+0800][3.814s] GC(6) Concurrent Scan Root Regions
[2022-03-13T19:46:10.057+0800][3.816s] GC(6) Concurrent Scan Root Regions 1.985ms
[2022-03-13T19:46:10.057+0800][3.816s] GC(6) Concurrent Mark
[2022-03-13T19:46:10.057+0800][3.816s] GC(6) Concurrent Mark From Roots
[2022-03-13T19:46:10.057+0800][3.816s] GC(6) Using 3 workers of 3 for marking
[2022-03-13T19:46:10.069+0800][3.828s] GC(6) Concurrent Mark From Roots 11.915ms
[2022-03-13T19:46:10.069+0800][3.828s] GC(6) Concurrent Preclean
[2022-03-13T19:46:10.069+0800][3.828s] GC(6) Concurrent Preclean 0.127ms
[2022-03-13T19:46:10.069+0800][3.829s] GC(6) Pause Remark
[2022-03-13T19:46:10.072+0800][3.834s] GC(6) Pause Remark 32M->32M(512M) 5.158ms
[2022-03-13T19:46:10.072+0800][3.834s] GC(6) User=0.00s Sys=0.00s Real=0.00s
[2022-03-13T19:46:10.072+0800][3.834s] GC(6) Concurrent Mark 17.736ms
[2022-03-13T19:46:10.072+0800][3.834s] GC(6) Concurrent Rebuild Remembered Sets
[2022-03-13T19:46:10.077+0800][3.841s] GC(6) Concurrent Rebuild Remembered Sets 6.596ms
[2022-03-13T19:46:10.087+0800][3.846s] GC(6) Pause Cleanup
[2022-03-13T19:46:10.087+0800][3.846s] GC(6) Pause Cleanup 34M->34M(512M) 0.127ms
[2022-03-13T19:46:10.087+0800][3.846s] GC(6) User=0.00s Sys=0.00s Real=0.00s
[2022-03-13T19:46:10.087+0800][3.846s] GC(6) Concurrent Cleanup for Next Mark
[2022-03-13T19:46:10.087+0800][3.846s] GC(6) Concurrent Cleanup for Next Mark 0.356ms
[2022-03-13T19:46:10.087+0800][3.846s] GC(6) Concurrent Mark Cycle 32.108ms
[2022-03-13T19:46:29.223+0800][22.982s] Heap
[2022-03-13T19:46:29.223+0800][22.982s]  garbage-first heap   total 524288K, used 137631K [0x00000000e0000000, 0x0000000100000000)
[2022-03-13T19:46:29.223+0800][22.982s]   region size 1024K, 116 young (118784K), 11 survivors (11264K)
[2022-03-13T19:46:29.223+0800][22.982s]  Metaspace       used 47799K, committed 48128K, reserved 1097728K
[2022-03-13T19:46:29.223+0800][22.982s]   class space    used 5691K, committed 5824K, reserved 1048576K
