[2022-03-13T19:45:35.667+0800][0.041s] Using G1
[2022-03-13T19:45:35.927+0800][0.308s] Version: 16+36-2231 (release)
[2022-03-13T19:45:35.927+0800][0.308s] CPUs: 12 total, 12 available
[2022-03-13T19:45:35.927+0800][0.308s] Memory: 24377M
[2022-03-13T19:45:35.927+0800][0.308s] Large Page Support: Disabled
[2022-03-13T19:45:35.927+0800][0.308s] NUMA Support: Disabled
[2022-03-13T19:45:35.927+0800][0.308s] Compressed Oops: Enabled (32-bit)
[2022-03-13T19:45:35.927+0800][0.308s] Heap Region Size: 1M
[2022-03-13T19:45:35.927+0800][0.308s] Heap Min Capacity: 512M
[2022-03-13T19:45:35.927+0800][0.308s] Heap Initial Capacity: 512M
[2022-03-13T19:45:35.927+0800][0.308s] Heap Max Capacity: 512M
[2022-03-13T19:45:35.927+0800][0.308s] Pre-touch: Enabled
[2022-03-13T19:45:35.938+0800][0.310s] Parallel Workers: 10
[2022-03-13T19:45:35.938+0800][0.310s] Concurrent Workers: 3
[2022-03-13T19:45:35.938+0800][0.310s] Concurrent Refinement Workers: 10
[2022-03-13T19:45:35.938+0800][0.310s] Periodic GC: Disabled
[2022-03-13T19:45:35.938+0800][0.311s] CDS archive(s) mapped at: [0x0000000800000000-0x0000000800bb0000-0x0000000800bb0000), size 12255232, SharedBaseAddress: 0x0000000800000000, ArchiveRelocationMode: 0.
[2022-03-13T19:45:35.938+0800][0.311s] Compressed class space mapped at: 0x0000000800c00000-0x0000000840c00000, reserved size: 1073741824
[2022-03-13T19:45:35.938+0800][0.311s] Narrow klass base: 0x0000000800000000, Narrow klass shift: 3, Narrow klass range: 0x100000000
[2022-03-13T19:45:36.677+0800][1.050s] GC(0) Pause Young (Normal) (G1 Evacuation Pause)
[2022-03-13T19:45:36.679+0800][1.051s] GC(0) Using 10 workers of 10 for evacuation
[2022-03-13T19:45:36.679+0800][1.054s] GC(0)   Pre Evacuate Collection Set: 0.1ms
[2022-03-13T19:45:36.679+0800][1.054s] GC(0)   Merge Heap Roots: 0.0ms
[2022-03-13T19:45:36.679+0800][1.054s] GC(0)   Evacuate Collection Set: 2.5ms
[2022-03-13T19:45:36.679+0800][1.054s] GC(0)   Post Evacuate Collection Set: 0.5ms
[2022-03-13T19:45:36.679+0800][1.054s] GC(0)   Other: 0.6ms
[2022-03-13T19:45:36.679+0800][1.054s] GC(0) Eden regions: 29->0(43)
[2022-03-13T19:45:36.679+0800][1.054s] GC(0) Survivor regions: 0->4(4)
[2022-03-13T19:45:36.679+0800][1.054s] GC(0) Old regions: 0->0
[2022-03-13T19:45:36.679+0800][1.054s] GC(0) Archive regions: 0->0
[2022-03-13T19:45:36.679+0800][1.054s] GC(0) Humongous regions: 0->0
[2022-03-13T19:45:36.679+0800][1.054s] GC(0) Metaspace: 6704K(6848K)->6704K(6848K) NonClass: 5940K(6016K)->5940K(6016K) Class: 764K(832K)->764K(832K)
[2022-03-13T19:45:36.679+0800][1.054s] GC(0) Pause Young (Normal) (G1 Evacuation Pause) 29M->3M(512M) 3.876ms
[2022-03-13T19:45:36.679+0800][1.054s] GC(0) User=0.00s Sys=0.00s Real=0.00s
[2022-03-13T19:45:37.627+0800][2.004s] GC(1) Pause Young (Normal) (G1 Evacuation Pause)
[2022-03-13T19:45:37.627+0800][2.004s] GC(1) Using 10 workers of 10 for evacuation
[2022-03-13T19:45:37.639+0800][2.012s] GC(1)   Pre Evacuate Collection Set: 0.1ms
[2022-03-13T19:45:37.639+0800][2.012s] GC(1)   Merge Heap Roots: 0.1ms
[2022-03-13T19:45:37.639+0800][2.012s] GC(1)   Evacuate Collection Set: 7.4ms
[2022-03-13T19:45:37.639+0800][2.012s] GC(1)   Post Evacuate Collection Set: 0.8ms
[2022-03-13T19:45:37.639+0800][2.012s] GC(1)   Other: 0.1ms
[2022-03-13T19:45:37.639+0800][2.012s] GC(1) Eden regions: 43->0(246)
[2022-03-13T19:45:37.639+0800][2.012s] GC(1) Survivor regions: 4->6(6)
[2022-03-13T19:45:37.639+0800][2.012s] GC(1) Old regions: 0->10
[2022-03-13T19:45:37.639+0800][2.012s] GC(1) Archive regions: 0->0
[2022-03-13T19:45:37.639+0800][2.012s] GC(1) Humongous regions: 4->4
[2022-03-13T19:45:37.639+0800][2.012s] GC(1) Metaspace: 15533K(15808K)->15533K(15808K) NonClass: 13750K(13888K)->13750K(13888K) Class: 1783K(1920K)->1783K(1920K)
[2022-03-13T19:45:37.639+0800][2.012s] GC(1) Pause Young (Normal) (G1 Evacuation Pause) 50M->19M(512M) 8.688ms
[2022-03-13T19:45:37.639+0800][2.012s] GC(1) User=0.16s Sys=0.00s Real=0.01s
[2022-03-13T19:45:38.219+0800][2.598s] GC(2) Pause Young (Concurrent Start) (Metadata GC Threshold)
[2022-03-13T19:45:38.219+0800][2.598s] GC(2) Using 10 workers of 10 for evacuation
[2022-03-13T19:45:38.227+0800][2.603s] GC(2)   Pre Evacuate Collection Set: 0.1ms
[2022-03-13T19:45:38.227+0800][2.603s] GC(2)   Merge Heap Roots: 0.1ms
[2022-03-13T19:45:38.227+0800][2.603s] GC(2)   Evacuate Collection Set: 3.0ms
[2022-03-13T19:45:38.227+0800][2.603s] GC(2)   Post Evacuate Collection Set: 0.9ms
[2022-03-13T19:45:38.227+0800][2.603s] GC(2)   Other: 0.2ms
[2022-03-13T19:45:38.227+0800][2.603s] GC(2) Eden regions: 46->0(87)
[2022-03-13T19:45:38.227+0800][2.603s] GC(2) Survivor regions: 6->11(32)
[2022-03-13T19:45:38.227+0800][2.603s] GC(2) Old regions: 10->10
[2022-03-13T19:45:38.227+0800][2.603s] GC(2) Archive regions: 0->0
[2022-03-13T19:45:38.227+0800][2.603s] GC(2) Humongous regions: 4->4
[2022-03-13T19:45:38.227+0800][2.603s] GC(2) Metaspace: 21030K(21248K)->21030K(21248K) NonClass: 18695K(18816K)->18695K(18816K) Class: 2334K(2432K)->2334K(2432K)
[2022-03-13T19:45:38.227+0800][2.603s] GC(2) Pause Young (Concurrent Start) (Metadata GC Threshold) 64M->23M(512M) 4.406ms
[2022-03-13T19:45:38.227+0800][2.603s] GC(2) User=0.00s Sys=0.00s Real=0.01s
[2022-03-13T19:45:38.227+0800][2.603s] GC(3) Concurrent Mark Cycle
[2022-03-13T19:45:38.227+0800][2.603s] GC(3) Concurrent Clear Claimed Marks
[2022-03-13T19:45:38.227+0800][2.603s] GC(3) Concurrent Clear Claimed Marks 0.018ms
[2022-03-13T19:45:38.227+0800][2.603s] GC(3) Concurrent Scan Root Regions
[2022-03-13T19:45:38.227+0800][2.604s] GC(3) Concurrent Scan Root Regions 1.465ms
[2022-03-13T19:45:38.227+0800][2.604s] GC(3) Concurrent Mark
[2022-03-13T19:45:38.227+0800][2.604s] GC(3) Concurrent Mark From Roots
[2022-03-13T19:45:38.227+0800][2.604s] GC(3) Using 3 workers of 3 for marking
[2022-03-13T19:45:38.239+0800][2.611s] GC(3) Concurrent Mark From Roots 6.632ms
[2022-03-13T19:45:38.239+0800][2.611s] GC(3) Concurrent Preclean
[2022-03-13T19:45:38.239+0800][2.611s] GC(3) Concurrent Preclean 0.117ms
[2022-03-13T19:45:38.239+0800][2.611s] GC(3) Pause Remark
[2022-03-13T19:45:38.239+0800][2.614s] GC(3) Pause Remark 25M->25M(512M) 2.377ms
[2022-03-13T19:45:38.239+0800][2.614s] GC(3) User=0.00s Sys=0.00s Real=0.00s
[2022-03-13T19:45:38.239+0800][2.614s] GC(3) Concurrent Mark 9.522ms
[2022-03-13T19:45:38.239+0800][2.614s] GC(3) Concurrent Rebuild Remembered Sets
[2022-03-13T19:45:38.239+0800][2.617s] GC(3) Concurrent Rebuild Remembered Sets 3.228ms
[2022-03-13T19:45:38.239+0800][2.617s] GC(3) Pause Cleanup
[2022-03-13T19:45:38.239+0800][2.618s] GC(3) Pause Cleanup 26M->26M(512M) 0.162ms
[2022-03-13T19:45:38.239+0800][2.618s] GC(3) User=0.00s Sys=0.00s Real=0.00s
[2022-03-13T19:45:38.239+0800][2.618s] GC(3) Concurrent Cleanup for Next Mark
[2022-03-13T19:45:38.239+0800][2.618s] GC(3) Concurrent Cleanup for Next Mark 0.272ms
[2022-03-13T19:45:38.239+0800][2.618s] GC(3) Concurrent Mark Cycle 15.186ms
[2022-03-13T19:45:39.636+0800][4.008s] GC(4) Pause Young (Concurrent Start) (GCLocker Initiated GC)
[2022-03-13T19:45:39.636+0800][4.008s] GC(4) Using 10 workers of 10 for evacuation
[2022-03-13T19:45:39.637+0800][4.014s] GC(4)   Pre Evacuate Collection Set: 0.1ms
[2022-03-13T19:45:39.637+0800][4.014s] GC(4)   Merge Heap Roots: 0.1ms
[2022-03-13T19:45:39.637+0800][4.014s] GC(4)   Evacuate Collection Set: 4.5ms
[2022-03-13T19:45:39.637+0800][4.014s] GC(4)   Post Evacuate Collection Set: 0.7ms
[2022-03-13T19:45:39.637+0800][4.014s] GC(4)   Other: 0.2ms
[2022-03-13T19:45:39.637+0800][4.014s] GC(4) Eden regions: 82->0(295)
[2022-03-13T19:45:39.637+0800][4.014s] GC(4) Survivor regions: 11->12(13)
[2022-03-13T19:45:39.637+0800][4.014s] GC(4) Old regions: 10->16
[2022-03-13T19:45:39.637+0800][4.014s] GC(4) Archive regions: 0->0
[2022-03-13T19:45:39.637+0800][4.014s] GC(4) Humongous regions: 5->4
[2022-03-13T19:45:39.637+0800][4.014s] GC(4) Metaspace: 35694K(36032K)->35694K(36032K) NonClass: 31542K(31744K)->31542K(31744K) Class: 4151K(4288K)->4151K(4288K)
[2022-03-13T19:45:39.637+0800][4.014s] GC(4) Pause Young (Concurrent Start) (GCLocker Initiated GC) 106M->30M(512M) 5.691ms
[2022-03-13T19:45:39.637+0800][4.014s] GC(4) User=0.02s Sys=0.02s Real=0.00s
[2022-03-13T19:45:39.637+0800][4.014s] GC(5) Concurrent Mark Cycle
[2022-03-13T19:45:39.637+0800][4.014s] GC(5) Concurrent Clear Claimed Marks
[2022-03-13T19:45:39.637+0800][4.014s] GC(5) Concurrent Clear Claimed Marks 0.030ms
[2022-03-13T19:45:39.637+0800][4.014s] GC(5) Concurrent Scan Root Regions
[2022-03-13T19:45:39.637+0800][4.017s] GC(5) Concurrent Scan Root Regions 3.032ms
[2022-03-13T19:45:39.637+0800][4.017s] GC(5) Concurrent Mark
[2022-03-13T19:45:39.637+0800][4.017s] GC(5) Concurrent Mark From Roots
[2022-03-13T19:45:39.637+0800][4.017s] GC(5) Using 3 workers of 3 for marking
[2022-03-13T19:45:39.649+0800][4.025s] GC(5) Concurrent Mark From Roots 8.226ms
[2022-03-13T19:45:39.649+0800][4.025s] GC(5) Concurrent Preclean
[2022-03-13T19:45:39.649+0800][4.026s] GC(5) Concurrent Preclean 0.113ms
[2022-03-13T19:45:39.649+0800][4.026s] GC(5) Pause Remark
[2022-03-13T19:45:39.649+0800][4.028s] GC(5) Pause Remark 32M->32M(512M) 2.508ms
[2022-03-13T19:45:39.649+0800][4.028s] GC(5) User=0.00s Sys=0.00s Real=0.00s
[2022-03-13T19:45:39.649+0800][4.029s] GC(5) Concurrent Mark 11.364ms
[2022-03-13T19:45:39.649+0800][4.029s] GC(5) Concurrent Rebuild Remembered Sets
[2022-03-13T19:45:39.657+0800][4.035s] GC(5) Concurrent Rebuild Remembered Sets 6.677ms
[2022-03-13T19:45:39.657+0800][4.035s] GC(5) Pause Cleanup
[2022-03-13T19:45:39.657+0800][4.036s] GC(5) Pause Cleanup 33M->33M(512M) 0.187ms
[2022-03-13T19:45:39.657+0800][4.036s] GC(5) User=0.00s Sys=0.00s Real=0.00s
[2022-03-13T19:45:39.657+0800][4.036s] GC(5) Concurrent Cleanup for Next Mark
[2022-03-13T19:45:39.657+0800][4.036s] GC(5) Concurrent Cleanup for Next Mark 0.393ms
[2022-03-13T19:45:39.657+0800][4.036s] GC(5) Concurrent Mark Cycle 22.251ms
[2022-03-13T19:46:00.930+0800][25.302s] Heap
[2022-03-13T19:46:00.930+0800][25.302s]  garbage-first heap   total 524288K, used 135652K [0x00000000e0000000, 0x0000000100000000)
[2022-03-13T19:46:00.930+0800][25.302s]   region size 1024K, 115 young (117760K), 12 survivors (12288K)
[2022-03-13T19:46:00.930+0800][25.302s]  Metaspace       used 47729K, committed 48064K, reserved 1097728K
[2022-03-13T19:46:00.930+0800][25.302s]   class space    used 5694K, committed 5824K, reserved 1048576K
