[2022-03-14T17:03:27.496+0800][0.012s] Using G1
[2022-03-14T17:03:27.606+0800][0.122s] Version: 16+36-2231 (release)
[2022-03-14T17:03:27.606+0800][0.122s] CPUs: 12 total, 12 available
[2022-03-14T17:03:27.606+0800][0.122s] Memory: 24377M
[2022-03-14T17:03:27.606+0800][0.122s] Large Page Support: Disabled
[2022-03-14T17:03:27.606+0800][0.122s] NUMA Support: Disabled
[2022-03-14T17:03:27.606+0800][0.122s] Compressed Oops: Enabled (32-bit)
[2022-03-14T17:03:27.606+0800][0.122s] Heap Region Size: 1M
[2022-03-14T17:03:27.606+0800][0.122s] Heap Min Capacity: 512M
[2022-03-14T17:03:27.606+0800][0.122s] Heap Initial Capacity: 512M
[2022-03-14T17:03:27.606+0800][0.122s] Heap Max Capacity: 512M
[2022-03-14T17:03:27.606+0800][0.122s] Pre-touch: Enabled
[2022-03-14T17:03:27.606+0800][0.123s] Parallel Workers: 10
[2022-03-14T17:03:27.606+0800][0.123s] Concurrent Workers: 3
[2022-03-14T17:03:27.606+0800][0.123s] Concurrent Refinement Workers: 10
[2022-03-14T17:03:27.606+0800][0.123s] Periodic GC: Disabled
[2022-03-14T17:03:27.606+0800][0.123s] CDS archive(s) mapped at: [0x0000000800000000-0x0000000800bb0000-0x0000000800bb0000), size 12255232, SharedBaseAddress: 0x0000000800000000, ArchiveRelocationMode: 0.
[2022-03-14T17:03:27.606+0800][0.123s] Compressed class space mapped at: 0x0000000800c00000-0x0000000840c00000, reserved size: 1073741824
[2022-03-14T17:03:27.606+0800][0.123s] Narrow klass base: 0x0000000800000000, Narrow klass shift: 3, Narrow klass range: 0x100000000
[2022-03-14T17:03:28.060+0800][0.580s] GC(0) Pause Young (Normal) (G1 Evacuation Pause)
[2022-03-14T17:03:28.060+0800][0.580s] GC(0) Using 10 workers of 10 for evacuation
[2022-03-14T17:03:28.060+0800][0.582s] GC(0)   Pre Evacuate Collection Set: 0.1ms
[2022-03-14T17:03:28.060+0800][0.582s] GC(0)   Merge Heap Roots: 0.0ms
[2022-03-14T17:03:28.060+0800][0.582s] GC(0)   Evacuate Collection Set: 1.4ms
[2022-03-14T17:03:28.060+0800][0.582s] GC(0)   Post Evacuate Collection Set: 0.2ms
[2022-03-14T17:03:28.060+0800][0.582s] GC(0)   Other: 0.4ms
[2022-03-14T17:03:28.060+0800][0.582s] GC(0) Eden regions: 29->0(43)
[2022-03-14T17:03:28.060+0800][0.582s] GC(0) Survivor regions: 0->4(4)
[2022-03-14T17:03:28.060+0800][0.582s] GC(0) Old regions: 0->0
[2022-03-14T17:03:28.060+0800][0.582s] GC(0) Archive regions: 0->0
[2022-03-14T17:03:28.060+0800][0.582s] GC(0) Humongous regions: 0->0
[2022-03-14T17:03:28.060+0800][0.582s] GC(0) Metaspace: 6694K(6848K)->6694K(6848K) NonClass: 5930K(6016K)->5930K(6016K) Class: 764K(832K)->764K(832K)
[2022-03-14T17:03:28.060+0800][0.582s] GC(0) Pause Young (Normal) (G1 Evacuation Pause) 29M->3M(512M) 2.307ms
[2022-03-14T17:03:28.060+0800][0.582s] GC(0) User=0.00s Sys=0.00s Real=0.00s
[2022-03-14T17:03:28.673+0800][1.194s] GC(1) Pause Young (Normal) (G1 Evacuation Pause)
[2022-03-14T17:03:28.673+0800][1.194s] GC(1) Using 10 workers of 10 for evacuation
[2022-03-14T17:03:28.673+0800][1.200s] GC(1)   Pre Evacuate Collection Set: 0.1ms
[2022-03-14T17:03:28.673+0800][1.200s] GC(1)   Merge Heap Roots: 0.1ms
[2022-03-14T17:03:28.673+0800][1.200s] GC(1)   Evacuate Collection Set: 5.6ms
[2022-03-14T17:03:28.673+0800][1.200s] GC(1)   Post Evacuate Collection Set: 0.7ms
[2022-03-14T17:03:28.673+0800][1.200s] GC(1)   Other: 0.2ms
[2022-03-14T17:03:28.673+0800][1.200s] GC(1) Eden regions: 43->0(180)
[2022-03-14T17:03:28.673+0800][1.200s] GC(1) Survivor regions: 4->6(6)
[2022-03-14T17:03:28.673+0800][1.200s] GC(1) Old regions: 0->10
[2022-03-14T17:03:28.673+0800][1.200s] GC(1) Archive regions: 0->0
[2022-03-14T17:03:28.673+0800][1.200s] GC(1) Humongous regions: 4->4
[2022-03-14T17:03:28.673+0800][1.200s] GC(1) Metaspace: 15560K(15808K)->15560K(15808K) NonClass: 13776K(13888K)->13776K(13888K) Class: 1783K(1920K)->1783K(1920K)
[2022-03-14T17:03:28.673+0800][1.200s] GC(1) Pause Young (Normal) (G1 Evacuation Pause) 50M->19M(512M) 6.667ms
[2022-03-14T17:03:28.673+0800][1.200s] GC(1) User=0.00s Sys=0.00s Real=0.00s
[2022-03-14T17:03:29.080+0800][1.596s] GC(2) Pause Young (Concurrent Start) (Metadata GC Threshold)
[2022-03-14T17:03:29.080+0800][1.596s] GC(2) Using 10 workers of 10 for evacuation
[2022-03-14T17:03:29.080+0800][1.600s] GC(2)   Pre Evacuate Collection Set: 0.1ms
[2022-03-14T17:03:29.080+0800][1.600s] GC(2)   Merge Heap Roots: 0.1ms
[2022-03-14T17:03:29.080+0800][1.600s] GC(2)   Evacuate Collection Set: 3.2ms
[2022-03-14T17:03:29.080+0800][1.600s] GC(2)   Post Evacuate Collection Set: 0.8ms
[2022-03-14T17:03:29.080+0800][1.600s] GC(2)   Other: 0.2ms
[2022-03-14T17:03:29.080+0800][1.600s] GC(2) Eden regions: 46->0(206)
[2022-03-14T17:03:29.080+0800][1.600s] GC(2) Survivor regions: 6->11(24)
[2022-03-14T17:03:29.080+0800][1.600s] GC(2) Old regions: 10->10
[2022-03-14T17:03:29.080+0800][1.600s] GC(2) Archive regions: 0->0
[2022-03-14T17:03:29.080+0800][1.600s] GC(2) Humongous regions: 4->4
[2022-03-14T17:03:29.080+0800][1.600s] GC(2) Metaspace: 21030K(21248K)->21030K(21248K) NonClass: 18698K(18816K)->18698K(18816K) Class: 2332K(2432K)->2332K(2432K)
[2022-03-14T17:03:29.080+0800][1.600s] GC(2) Pause Young (Concurrent Start) (Metadata GC Threshold) 65M->24M(512M) 4.485ms
[2022-03-14T17:03:29.080+0800][1.600s] GC(2) User=0.00s Sys=0.00s Real=0.00s
[2022-03-14T17:03:29.080+0800][1.600s] GC(3) Concurrent Mark Cycle
[2022-03-14T17:03:29.080+0800][1.600s] GC(3) Concurrent Clear Claimed Marks
[2022-03-14T17:03:29.080+0800][1.600s] GC(3) Concurrent Clear Claimed Marks 0.015ms
[2022-03-14T17:03:29.080+0800][1.600s] GC(3) Concurrent Scan Root Regions
[2022-03-14T17:03:29.080+0800][1.602s] GC(3) Concurrent Scan Root Regions 1.266ms
[2022-03-14T17:03:29.080+0800][1.602s] GC(3) Concurrent Mark
[2022-03-14T17:03:29.080+0800][1.602s] GC(3) Concurrent Mark From Roots
[2022-03-14T17:03:29.080+0800][1.602s] GC(3) Using 3 workers of 3 for marking
[2022-03-14T17:03:29.080+0800][1.605s] GC(3) Concurrent Mark From Roots 3.955ms
[2022-03-14T17:03:29.080+0800][1.606s] GC(3) Concurrent Preclean
[2022-03-14T17:03:29.080+0800][1.606s] GC(3) Concurrent Preclean 0.076ms
[2022-03-14T17:03:29.080+0800][1.606s] GC(3) Pause Remark
[2022-03-14T17:03:29.080+0800][1.607s] GC(3) Pause Remark 25M->25M(512M) 1.267ms
[2022-03-14T17:03:29.080+0800][1.607s] GC(3) User=0.00s Sys=0.00s Real=0.00s
[2022-03-14T17:03:29.080+0800][1.607s] GC(3) Concurrent Mark 5.553ms
[2022-03-14T17:03:29.080+0800][1.607s] GC(3) Concurrent Rebuild Remembered Sets
[2022-03-14T17:03:29.096+0800][1.610s] GC(3) Concurrent Rebuild Remembered Sets 2.490ms
[2022-03-14T17:03:29.096+0800][1.610s] GC(3) Pause Cleanup
[2022-03-14T17:03:29.096+0800][1.610s] GC(3) Pause Cleanup 26M->26M(512M) 0.127ms
[2022-03-14T17:03:29.096+0800][1.610s] GC(3) User=0.00s Sys=0.00s Real=0.00s
[2022-03-14T17:03:29.096+0800][1.610s] GC(3) Concurrent Cleanup for Next Mark
[2022-03-14T17:03:29.096+0800][1.610s] GC(3) Concurrent Cleanup for Next Mark 0.263ms
[2022-03-14T17:03:29.096+0800][1.610s] GC(3) Concurrent Mark Cycle 10.073ms
[2022-03-14T17:03:30.053+0800][2.567s] GC(4) Pause Young (Concurrent Start) (Metadata GC Threshold)
[2022-03-14T17:03:30.053+0800][2.567s] GC(4) Using 10 workers of 10 for evacuation
[2022-03-14T17:03:30.053+0800][2.572s] GC(4)   Pre Evacuate Collection Set: 0.1ms
[2022-03-14T17:03:30.053+0800][2.573s] GC(4)   Merge Heap Roots: 0.0ms
[2022-03-14T17:03:30.053+0800][2.573s] GC(4)   Evacuate Collection Set: 4.8ms
[2022-03-14T17:03:30.053+0800][2.573s] GC(4)   Post Evacuate Collection Set: 0.5ms
[2022-03-14T17:03:30.053+0800][2.573s] GC(4)   Other: 0.1ms
[2022-03-14T17:03:30.053+0800][2.573s] GC(4) Eden regions: 94->0(290)
[2022-03-14T17:03:30.053+0800][2.573s] GC(4) Survivor regions: 11->17(29)
[2022-03-14T17:03:30.053+0800][2.573s] GC(4) Old regions: 10->10
[2022-03-14T17:03:30.053+0800][2.573s] GC(4) Archive regions: 0->0
[2022-03-14T17:03:30.053+0800][2.573s] GC(4) Humongous regions: 5->4
[2022-03-14T17:03:30.053+0800][2.573s] GC(4) Metaspace: 35524K(35840K)->35524K(35840K) NonClass: 31407K(31552K)->31407K(31552K) Class: 4117K(4288K)->4117K(4288K)
[2022-03-14T17:03:30.053+0800][2.573s] GC(4) Pause Young (Concurrent Start) (Metadata GC Threshold) 119M->30M(512M) 5.639ms
[2022-03-14T17:03:30.053+0800][2.573s] GC(4) User=0.00s Sys=0.00s Real=0.00s
[2022-03-14T17:03:30.053+0800][2.573s] GC(5) Concurrent Mark Cycle
[2022-03-14T17:03:30.053+0800][2.573s] GC(5) Concurrent Clear Claimed Marks
[2022-03-14T17:03:30.053+0800][2.573s] GC(5) Concurrent Clear Claimed Marks 0.026ms
[2022-03-14T17:03:30.053+0800][2.573s] GC(5) Concurrent Scan Root Regions
[2022-03-14T17:03:30.053+0800][2.575s] GC(5) Concurrent Scan Root Regions 2.279ms
[2022-03-14T17:03:30.053+0800][2.575s] GC(5) Concurrent Mark
[2022-03-14T17:03:30.053+0800][2.575s] GC(5) Concurrent Mark From Roots
[2022-03-14T17:03:30.053+0800][2.575s] GC(5) Using 3 workers of 3 for marking
[2022-03-14T17:03:30.053+0800][2.581s] GC(5) Concurrent Mark From Roots 6.043ms
[2022-03-14T17:03:30.053+0800][2.581s] GC(5) Concurrent Preclean
[2022-03-14T17:03:30.053+0800][2.581s] GC(5) Concurrent Preclean 0.079ms
[2022-03-14T17:03:30.053+0800][2.582s] GC(5) Pause Remark
[2022-03-14T17:03:30.069+0800][2.583s] GC(5) Pause Remark 31M->31M(512M) 1.236ms
[2022-03-14T17:03:30.069+0800][2.583s] GC(5) User=0.05s Sys=0.02s Real=0.02s
[2022-03-14T17:03:30.069+0800][2.583s] GC(5) Concurrent Mark 7.722ms
[2022-03-14T17:03:30.069+0800][2.583s] GC(5) Concurrent Rebuild Remembered Sets
[2022-03-14T17:03:30.069+0800][2.586s] GC(5) Concurrent Rebuild Remembered Sets 3.271ms
[2022-03-14T17:03:30.069+0800][2.586s] GC(5) Pause Cleanup
[2022-03-14T17:03:30.069+0800][2.586s] GC(5) Pause Cleanup 32M->32M(512M) 0.074ms
[2022-03-14T17:03:30.069+0800][2.586s] GC(5) User=0.00s Sys=0.00s Real=0.00s
[2022-03-14T17:03:30.069+0800][2.586s] GC(5) Concurrent Cleanup for Next Mark
[2022-03-14T17:03:30.069+0800][2.587s] GC(5) Concurrent Cleanup for Next Mark 0.447ms
[2022-03-14T17:03:30.069+0800][2.587s] GC(5) Concurrent Mark Cycle 14.111ms
[2022-03-14T17:03:35.163+0800][7.677s] GC(6) Pause Young (Normal) (G1 Evacuation Pause)
[2022-03-14T17:03:35.163+0800][7.677s] GC(6) Using 10 workers of 10 for evacuation
[2022-03-14T17:03:35.170+0800][7.686s] GC(6)   Pre Evacuate Collection Set: 0.1ms
[2022-03-14T17:03:35.170+0800][7.686s] GC(6)   Merge Heap Roots: 0.1ms
[2022-03-14T17:03:35.170+0800][7.686s] GC(6)   Evacuate Collection Set: 8.3ms
[2022-03-14T17:03:35.170+0800][7.686s] GC(6)   Post Evacuate Collection Set: 1.1ms
[2022-03-14T17:03:35.170+0800][7.686s] GC(6)   Other: 0.2ms
[2022-03-14T17:03:35.170+0800][7.686s] GC(6) Eden regions: 290->0(268)
[2022-03-14T17:03:35.170+0800][7.686s] GC(6) Survivor regions: 17->39(39)
[2022-03-14T17:03:35.170+0800][7.686s] GC(6) Old regions: 10->10
[2022-03-14T17:03:35.170+0800][7.686s] GC(6) Archive regions: 0->0
[2022-03-14T17:03:35.170+0800][7.686s] GC(6) Humongous regions: 20->17
[2022-03-14T17:03:35.170+0800][7.686s] GC(6) Metaspace: 48463K(48896K)->48463K(48896K) NonClass: 42835K(43072K)->42835K(43072K) Class: 5627K(5824K)->5627K(5824K)
[2022-03-14T17:03:35.170+0800][7.686s] GC(6) Pause Young (Normal) (G1 Evacuation Pause) 336M->64M(512M) 9.852ms
[2022-03-14T17:03:35.170+0800][7.687s] GC(6) User=0.17s Sys=0.00s Real=0.01s
[2022-03-14T17:03:36.551+0800][9.065s] GC(7) Pause Young (Normal) (G1 Evacuation Pause)
[2022-03-14T17:03:36.551+0800][9.065s] GC(7) Using 10 workers of 10 for evacuation
[2022-03-14T17:03:36.551+0800][9.076s] GC(7)   Pre Evacuate Collection Set: 0.1ms
[2022-03-14T17:03:36.551+0800][9.076s] GC(7)   Merge Heap Roots: 0.1ms
[2022-03-14T17:03:36.551+0800][9.076s] GC(7)   Evacuate Collection Set: 9.8ms
[2022-03-14T17:03:36.551+0800][9.076s] GC(7)   Post Evacuate Collection Set: 0.8ms
[2022-03-14T17:03:36.551+0800][9.076s] GC(7)   Other: 0.1ms
[2022-03-14T17:03:36.551+0800][9.076s] GC(7) Eden regions: 268->0(296)
[2022-03-14T17:03:36.551+0800][9.076s] GC(7) Survivor regions: 39->11(39)
[2022-03-14T17:03:36.551+0800][9.076s] GC(7) Old regions: 10->46
[2022-03-14T17:03:36.551+0800][9.076s] GC(7) Archive regions: 0->0
[2022-03-14T17:03:36.551+0800][9.076s] GC(7) Humongous regions: 38->17
[2022-03-14T17:03:36.551+0800][9.076s] GC(7) Metaspace: 49570K(49920K)->49570K(49920K) NonClass: 43851K(44032K)->43851K(44032K) Class: 5718K(5888K)->5718K(5888K)
[2022-03-14T17:03:36.551+0800][9.076s] GC(7) Pause Young (Normal) (G1 Evacuation Pause) 353M->73M(512M) 10.941ms
[2022-03-14T17:03:36.551+0800][9.076s] GC(7) User=0.00s Sys=0.00s Real=0.00s
[2022-03-14T17:04:53.731+0800][86.255s] Heap
[2022-03-14T17:04:53.731+0800][86.255s]  garbage-first heap   total 524288K, used 246882K [0x00000000e0000000, 0x0000000100000000)
[2022-03-14T17:04:53.731+0800][86.255s]   region size 1024K, 179 young (183296K), 11 survivors (11264K)
[2022-03-14T17:04:53.731+0800][86.255s]  Metaspace       used 53155K, committed 53568K, reserved 1097728K
[2022-03-14T17:04:53.731+0800][86.255s]   class space    used 6174K, committed 6400K, reserved 1048576K
