[2022-03-20T11:26:27.984+0800][0.012s] Using G1
[2022-03-20T11:26:28.102+0800][0.130s] Version: 16+36-2231 (release)
[2022-03-20T11:26:28.102+0800][0.130s] CPUs: 12 total, 12 available
[2022-03-20T11:26:28.102+0800][0.130s] Memory: 24377M
[2022-03-20T11:26:28.102+0800][0.130s] Large Page Support: Disabled
[2022-03-20T11:26:28.102+0800][0.130s] NUMA Support: Disabled
[2022-03-20T11:26:28.102+0800][0.130s] Compressed Oops: Enabled (32-bit)
[2022-03-20T11:26:28.102+0800][0.130s] Heap Region Size: 1M
[2022-03-20T11:26:28.102+0800][0.130s] Heap Min Capacity: 512M
[2022-03-20T11:26:28.102+0800][0.130s] Heap Initial Capacity: 512M
[2022-03-20T11:26:28.102+0800][0.130s] Heap Max Capacity: 512M
[2022-03-20T11:26:28.102+0800][0.130s] Pre-touch: Enabled
[2022-03-20T11:26:28.103+0800][0.130s] Parallel Workers: 10
[2022-03-20T11:26:28.103+0800][0.130s] Concurrent Workers: 3
[2022-03-20T11:26:28.103+0800][0.130s] Concurrent Refinement Workers: 10
[2022-03-20T11:26:28.103+0800][0.130s] Periodic GC: Disabled
[2022-03-20T11:26:28.104+0800][0.132s] CDS archive(s) mapped at: [0x0000000800000000-0x0000000800bb0000-0x0000000800bb0000), size 12255232, SharedBaseAddress: 0x0000000800000000, ArchiveRelocationMode: 0.
[2022-03-20T11:26:28.104+0800][0.132s] Compressed class space mapped at: 0x0000000800c00000-0x0000000840c00000, reserved size: 1073741824
[2022-03-20T11:26:28.104+0800][0.132s] Narrow klass base: 0x0000000800000000, Narrow klass shift: 3, Narrow klass range: 0x100000000
[2022-03-20T11:26:28.711+0800][0.739s] GC(0) Pause Young (Normal) (G1 Evacuation Pause)
[2022-03-20T11:26:28.712+0800][0.739s] GC(0) Using 10 workers of 10 for evacuation
[2022-03-20T11:26:28.714+0800][0.742s] GC(0)   Pre Evacuate Collection Set: 0.1ms
[2022-03-20T11:26:28.714+0800][0.742s] GC(0)   Merge Heap Roots: 0.0ms
[2022-03-20T11:26:28.714+0800][0.742s] GC(0)   Evacuate Collection Set: 1.8ms
[2022-03-20T11:26:28.714+0800][0.742s] GC(0)   Post Evacuate Collection Set: 0.3ms
[2022-03-20T11:26:28.714+0800][0.742s] GC(0)   Other: 0.7ms
[2022-03-20T11:26:28.714+0800][0.742s] GC(0) Eden regions: 29->0(43)
[2022-03-20T11:26:28.714+0800][0.742s] GC(0) Survivor regions: 0->4(4)
[2022-03-20T11:26:28.714+0800][0.742s] GC(0) Old regions: 0->0
[2022-03-20T11:26:28.714+0800][0.742s] GC(0) Archive regions: 0->0
[2022-03-20T11:26:28.714+0800][0.742s] GC(0) Humongous regions: 0->0
[2022-03-20T11:26:28.714+0800][0.742s] GC(0) Metaspace: 6696K(6848K)->6696K(6848K) NonClass: 5932K(6016K)->5932K(6016K) Class: 764K(832K)->764K(832K)
[2022-03-20T11:26:28.714+0800][0.742s] GC(0) Pause Young (Normal) (G1 Evacuation Pause) 29M->3M(512M) 3.068ms
[2022-03-20T11:26:28.714+0800][0.742s] GC(0) User=0.00s Sys=0.00s Real=0.00s
[2022-03-20T11:26:29.533+0800][1.561s] GC(1) Pause Young (Normal) (G1 Evacuation Pause)
[2022-03-20T11:26:29.533+0800][1.561s] GC(1) Using 10 workers of 10 for evacuation
[2022-03-20T11:26:29.540+0800][1.568s] GC(1)   Pre Evacuate Collection Set: 0.1ms
[2022-03-20T11:26:29.540+0800][1.568s] GC(1)   Merge Heap Roots: 0.1ms
[2022-03-20T11:26:29.540+0800][1.568s] GC(1)   Evacuate Collection Set: 6.3ms
[2022-03-20T11:26:29.540+0800][1.568s] GC(1)   Post Evacuate Collection Set: 0.7ms
[2022-03-20T11:26:29.540+0800][1.568s] GC(1)   Other: 0.1ms
[2022-03-20T11:26:29.540+0800][1.568s] GC(1) Eden regions: 43->0(180)
[2022-03-20T11:26:29.540+0800][1.568s] GC(1) Survivor regions: 4->6(6)
[2022-03-20T11:26:29.540+0800][1.568s] GC(1) Old regions: 0->10
[2022-03-20T11:26:29.540+0800][1.568s] GC(1) Archive regions: 0->0
[2022-03-20T11:26:29.540+0800][1.568s] GC(1) Humongous regions: 4->4
[2022-03-20T11:26:29.540+0800][1.568s] GC(1) Metaspace: 15606K(15872K)->15606K(15872K) NonClass: 13822K(13952K)->13822K(13952K) Class: 1783K(1920K)->1783K(1920K)
[2022-03-20T11:26:29.540+0800][1.568s] GC(1) Pause Young (Normal) (G1 Evacuation Pause) 50M->19M(512M) 7.467ms
[2022-03-20T11:26:29.540+0800][1.568s] GC(1) User=0.00s Sys=0.00s Real=0.01s
[2022-03-20T11:26:30.017+0800][2.044s] GC(2) Pause Young (Concurrent Start) (Metadata GC Threshold)
[2022-03-20T11:26:30.017+0800][2.044s] GC(2) Using 10 workers of 10 for evacuation
[2022-03-20T11:26:30.021+0800][2.048s] GC(2)   Pre Evacuate Collection Set: 0.1ms
[2022-03-20T11:26:30.021+0800][2.048s] GC(2)   Merge Heap Roots: 0.1ms
[2022-03-20T11:26:30.021+0800][2.048s] GC(2)   Evacuate Collection Set: 2.8ms
[2022-03-20T11:26:30.021+0800][2.048s] GC(2)   Post Evacuate Collection Set: 0.8ms
[2022-03-20T11:26:30.021+0800][2.048s] GC(2)   Other: 0.4ms
[2022-03-20T11:26:30.021+0800][2.048s] GC(2) Eden regions: 45->0(213)
[2022-03-20T11:26:30.021+0800][2.048s] GC(2) Survivor regions: 6->12(24)
[2022-03-20T11:26:30.021+0800][2.048s] GC(2) Old regions: 10->10
[2022-03-20T11:26:30.021+0800][2.048s] GC(2) Archive regions: 0->0
[2022-03-20T11:26:30.021+0800][2.048s] GC(2) Humongous regions: 4->4
[2022-03-20T11:26:30.021+0800][2.048s] GC(2) Metaspace: 20975K(21248K)->20975K(21248K) NonClass: 18659K(18816K)->18659K(18816K) Class: 2315K(2432K)->2315K(2432K)
[2022-03-20T11:26:30.021+0800][2.048s] GC(2) Pause Young (Concurrent Start) (Metadata GC Threshold) 64M->24M(512M) 4.267ms
[2022-03-20T11:26:30.021+0800][2.048s] GC(2) User=0.00s Sys=0.00s Real=0.00s
[2022-03-20T11:26:30.021+0800][2.048s] GC(3) Concurrent Mark Cycle
[2022-03-20T11:26:30.021+0800][2.048s] GC(3) Concurrent Clear Claimed Marks
[2022-03-20T11:26:30.021+0800][2.048s] GC(3) Concurrent Clear Claimed Marks 0.015ms
[2022-03-20T11:26:30.021+0800][2.048s] GC(3) Concurrent Scan Root Regions
[2022-03-20T11:26:30.023+0800][2.050s] GC(3) Concurrent Scan Root Regions 1.673ms
[2022-03-20T11:26:30.023+0800][2.050s] GC(3) Concurrent Mark
[2022-03-20T11:26:30.023+0800][2.050s] GC(3) Concurrent Mark From Roots
[2022-03-20T11:26:30.023+0800][2.050s] GC(3) Using 3 workers of 3 for marking
[2022-03-20T11:26:30.029+0800][2.056s] GC(3) Concurrent Mark From Roots 5.702ms
[2022-03-20T11:26:30.029+0800][2.056s] GC(3) Concurrent Preclean
[2022-03-20T11:26:30.029+0800][2.056s] GC(3) Concurrent Preclean 0.084ms
[2022-03-20T11:26:30.029+0800][2.056s] GC(3) Pause Remark
[2022-03-20T11:26:30.031+0800][2.058s] GC(3) Pause Remark 25M->25M(512M) 1.724ms
[2022-03-20T11:26:30.031+0800][2.058s] GC(3) User=0.00s Sys=0.00s Real=0.00s
[2022-03-20T11:26:30.031+0800][2.058s] GC(3) Concurrent Mark 7.884ms
[2022-03-20T11:26:30.031+0800][2.058s] GC(3) Concurrent Rebuild Remembered Sets
[2022-03-20T11:26:30.033+0800][2.060s] GC(3) Concurrent Rebuild Remembered Sets 2.400ms
[2022-03-20T11:26:30.033+0800][2.061s] GC(3) Pause Cleanup
[2022-03-20T11:26:30.034+0800][2.061s] GC(3) Pause Cleanup 25M->25M(512M) 0.122ms
[2022-03-20T11:26:30.034+0800][2.061s] GC(3) User=0.00s Sys=0.00s Real=0.00s
[2022-03-20T11:26:30.034+0800][2.061s] GC(3) Concurrent Cleanup for Next Mark
[2022-03-20T11:26:30.034+0800][2.061s] GC(3) Concurrent Cleanup for Next Mark 0.216ms
[2022-03-20T11:26:30.034+0800][2.061s] GC(3) Concurrent Mark Cycle 12.644ms
[2022-03-20T11:26:31.131+0800][3.159s] GC(4) Pause Young (Concurrent Start) (Metadata GC Threshold)
[2022-03-20T11:26:31.132+0800][3.159s] GC(4) Using 10 workers of 10 for evacuation
[2022-03-20T11:26:31.137+0800][3.164s] GC(4)   Pre Evacuate Collection Set: 0.1ms
[2022-03-20T11:26:31.137+0800][3.164s] GC(4)   Merge Heap Roots: 0.0ms
[2022-03-20T11:26:31.137+0800][3.164s] GC(4)   Evacuate Collection Set: 4.8ms
[2022-03-20T11:26:31.137+0800][3.164s] GC(4)   Post Evacuate Collection Set: 0.6ms
[2022-03-20T11:26:31.137+0800][3.164s] GC(4)   Other: 0.2ms
[2022-03-20T11:26:31.137+0800][3.164s] GC(4) Eden regions: 89->0(290)
[2022-03-20T11:26:31.137+0800][3.164s] GC(4) Survivor regions: 12->17(30)
[2022-03-20T11:26:31.137+0800][3.164s] GC(4) Old regions: 10->10
[2022-03-20T11:26:31.137+0800][3.164s] GC(4) Archive regions: 0->0
[2022-03-20T11:26:31.137+0800][3.164s] GC(4) Humongous regions: 5->4
[2022-03-20T11:26:31.137+0800][3.164s] GC(4) Metaspace: 35513K(35776K)->35513K(35776K) NonClass: 31403K(31552K)->31403K(31552K) Class: 4110K(4224K)->4110K(4224K)
[2022-03-20T11:26:31.137+0800][3.164s] GC(4) Pause Young (Concurrent Start) (Metadata GC Threshold) 114M->30M(512M) 5.742ms
[2022-03-20T11:26:31.137+0800][3.164s] GC(4) User=0.00s Sys=0.00s Real=0.01s
[2022-03-20T11:26:31.137+0800][3.164s] GC(5) Concurrent Mark Cycle
[2022-03-20T11:26:31.137+0800][3.165s] GC(5) Concurrent Clear Claimed Marks
[2022-03-20T11:26:31.137+0800][3.165s] GC(5) Concurrent Clear Claimed Marks 0.027ms
[2022-03-20T11:26:31.137+0800][3.165s] GC(5) Concurrent Scan Root Regions
[2022-03-20T11:26:31.140+0800][3.168s] GC(5) Concurrent Scan Root Regions 2.991ms
[2022-03-20T11:26:31.140+0800][3.168s] GC(5) Concurrent Mark
[2022-03-20T11:26:31.140+0800][3.168s] GC(5) Concurrent Mark From Roots
[2022-03-20T11:26:31.140+0800][3.168s] GC(5) Using 3 workers of 3 for marking
[2022-03-20T11:26:31.147+0800][3.175s] GC(5) Concurrent Mark From Roots 7.025ms
[2022-03-20T11:26:31.148+0800][3.175s] GC(5) Concurrent Preclean
[2022-03-20T11:26:31.148+0800][3.175s] GC(5) Concurrent Preclean 0.125ms
[2022-03-20T11:26:31.148+0800][3.175s] GC(5) Pause Remark
[2022-03-20T11:26:31.149+0800][3.177s] GC(5) Pause Remark 32M->32M(512M) 1.748ms
[2022-03-20T11:26:31.150+0800][3.177s] GC(5) User=0.00s Sys=0.00s Real=0.00s
[2022-03-20T11:26:31.150+0800][3.177s] GC(5) Concurrent Mark 9.142ms
[2022-03-20T11:26:31.150+0800][3.177s] GC(5) Concurrent Rebuild Remembered Sets
[2022-03-20T11:26:31.153+0800][3.181s] GC(5) Concurrent Rebuild Remembered Sets 3.852ms
[2022-03-20T11:26:31.154+0800][3.181s] GC(5) Pause Cleanup
[2022-03-20T11:26:31.154+0800][3.181s] GC(5) Pause Cleanup 32M->32M(512M) 0.105ms
[2022-03-20T11:26:31.154+0800][3.181s] GC(5) User=0.00s Sys=0.00s Real=0.00s
[2022-03-20T11:26:31.154+0800][3.181s] GC(5) Concurrent Cleanup for Next Mark
[2022-03-20T11:26:31.154+0800][3.181s] GC(5) Concurrent Cleanup for Next Mark 0.371ms
[2022-03-20T11:26:31.154+0800][3.181s] GC(5) Concurrent Mark Cycle 16.933ms
[2022-03-20T11:26:36.333+0800][8.360s] GC(6) Pause Young (Normal) (G1 Evacuation Pause)
[2022-03-20T11:26:36.333+0800][8.360s] GC(6) Using 10 workers of 10 for evacuation
[2022-03-20T11:26:36.342+0800][8.370s] GC(6)   Pre Evacuate Collection Set: 0.1ms
[2022-03-20T11:26:36.342+0800][8.370s] GC(6)   Merge Heap Roots: 0.1ms
[2022-03-20T11:26:36.342+0800][8.370s] GC(6)   Evacuate Collection Set: 7.9ms
[2022-03-20T11:26:36.342+0800][8.370s] GC(6)   Post Evacuate Collection Set: 1.1ms
[2022-03-20T11:26:36.342+0800][8.370s] GC(6)   Other: 0.2ms
[2022-03-20T11:26:36.342+0800][8.370s] GC(6) Eden regions: 290->0(269)
[2022-03-20T11:26:36.342+0800][8.370s] GC(6) Survivor regions: 17->38(39)
[2022-03-20T11:26:36.342+0800][8.370s] GC(6) Old regions: 10->10
[2022-03-20T11:26:36.342+0800][8.370s] GC(6) Archive regions: 0->0
[2022-03-20T11:26:36.342+0800][8.370s] GC(6) Humongous regions: 20->17
[2022-03-20T11:26:36.342+0800][8.370s] GC(6) Metaspace: 49185K(49536K)->49185K(49536K) NonClass: 43449K(43648K)->43449K(43648K) Class: 5735K(5888K)->5735K(5888K)
[2022-03-20T11:26:36.342+0800][8.370s] GC(6) Pause Young (Normal) (G1 Evacuation Pause) 336M->64M(512M) 9.459ms
[2022-03-20T11:26:36.342+0800][8.370s] GC(6) User=0.00s Sys=0.00s Real=0.01s
[2022-03-20T11:26:37.766+0800][9.794s] GC(7) Pause Young (Normal) (G1 Evacuation Pause)
[2022-03-20T11:26:37.766+0800][9.794s] GC(7) Using 10 workers of 10 for evacuation
[2022-03-20T11:26:37.776+0800][9.803s] GC(7)   Pre Evacuate Collection Set: 0.1ms
[2022-03-20T11:26:37.776+0800][9.803s] GC(7)   Merge Heap Roots: 0.1ms
[2022-03-20T11:26:37.776+0800][9.804s] GC(7)   Evacuate Collection Set: 8.8ms
[2022-03-20T11:26:37.776+0800][9.804s] GC(7)   Post Evacuate Collection Set: 0.7ms
[2022-03-20T11:26:37.776+0800][9.804s] GC(7)   Other: 0.1ms
[2022-03-20T11:26:37.776+0800][9.804s] GC(7) Eden regions: 269->0(295)
[2022-03-20T11:26:37.776+0800][9.804s] GC(7) Survivor regions: 38->12(39)
[2022-03-20T11:26:37.776+0800][9.804s] GC(7) Old regions: 10->46
[2022-03-20T11:26:37.776+0800][9.804s] GC(7) Archive regions: 0->0
[2022-03-20T11:26:37.776+0800][9.804s] GC(7) Humongous regions: 38->17
[2022-03-20T11:26:37.776+0800][9.804s] GC(7) Metaspace: 50147K(50496K)->50147K(50496K) NonClass: 44345K(44544K)->44345K(44544K) Class: 5801K(5952K)->5801K(5952K)
[2022-03-20T11:26:37.776+0800][9.804s] GC(7) Pause Young (Normal) (G1 Evacuation Pause) 354M->74M(512M) 9.933ms
[2022-03-20T11:26:37.776+0800][9.804s] GC(7) User=0.00s Sys=0.00s Real=0.01s
[2022-03-20T11:36:08.988+0800][581.019s] Heap
[2022-03-20T11:36:08.988+0800][581.019s]  garbage-first heap   total 524288K, used 273210K [0x00000000e0000000, 0x0000000100000000)
[2022-03-20T11:36:08.988+0800][581.019s]   region size 1024K, 205 young (209920K), 12 survivors (12288K)
[2022-03-20T11:36:08.988+0800][581.019s]  Metaspace       used 54200K, committed 54592K, reserved 1097728K
[2022-03-20T11:36:08.988+0800][581.019s]   class space    used 6190K, committed 6400K, reserved 1048576K
