[2022-03-13T19:46:34.827+0800][0.015s] Using G1
[2022-03-13T19:46:34.998+0800][0.184s] Version: 16+36-2231 (release)
[2022-03-13T19:46:34.998+0800][0.184s] CPUs: 12 total, 12 available
[2022-03-13T19:46:34.998+0800][0.184s] Memory: 24377M
[2022-03-13T19:46:34.998+0800][0.184s] Large Page Support: Disabled
[2022-03-13T19:46:34.998+0800][0.184s] NUMA Support: Disabled
[2022-03-13T19:46:34.998+0800][0.184s] Compressed Oops: Enabled (32-bit)
[2022-03-13T19:46:34.998+0800][0.184s] Heap Region Size: 1M
[2022-03-13T19:46:34.998+0800][0.184s] Heap Min Capacity: 512M
[2022-03-13T19:46:34.998+0800][0.184s] Heap Initial Capacity: 512M
[2022-03-13T19:46:34.998+0800][0.184s] Heap Max Capacity: 512M
[2022-03-13T19:46:34.998+0800][0.184s] Pre-touch: Enabled
[2022-03-13T19:46:35.008+0800][0.193s] Parallel Workers: 10
[2022-03-13T19:46:35.008+0800][0.193s] Concurrent Workers: 3
[2022-03-13T19:46:35.008+0800][0.193s] Concurrent Refinement Workers: 10
[2022-03-13T19:46:35.008+0800][0.193s] Periodic GC: Disabled
[2022-03-13T19:46:35.008+0800][0.194s] CDS archive(s) mapped at: [0x0000000800000000-0x0000000800bb0000-0x0000000800bb0000), size 12255232, SharedBaseAddress: 0x0000000800000000, ArchiveRelocationMode: 0.
[2022-03-13T19:46:35.008+0800][0.194s] Compressed class space mapped at: 0x0000000800c00000-0x0000000840c00000, reserved size: 1073741824
[2022-03-13T19:46:35.008+0800][0.194s] Narrow klass base: 0x0000000800000000, Narrow klass shift: 3, Narrow klass range: 0x100000000
[2022-03-13T19:46:35.709+0800][0.896s] GC(0) Pause Young (Normal) (G1 Evacuation Pause)
[2022-03-13T19:46:35.709+0800][0.896s] GC(0) Using 10 workers of 10 for evacuation
[2022-03-13T19:46:35.714+0800][0.899s] GC(0)   Pre Evacuate Collection Set: 0.1ms
[2022-03-13T19:46:35.714+0800][0.899s] GC(0)   Merge Heap Roots: 0.1ms
[2022-03-13T19:46:35.714+0800][0.899s] GC(0)   Evacuate Collection Set: 2.0ms
[2022-03-13T19:46:35.714+0800][0.899s] GC(0)   Post Evacuate Collection Set: 0.6ms
[2022-03-13T19:46:35.714+0800][0.899s] GC(0)   Other: 0.6ms
[2022-03-13T19:46:35.714+0800][0.899s] GC(0) Eden regions: 29->0(42)
[2022-03-13T19:46:35.714+0800][0.899s] GC(0) Survivor regions: 0->4(4)
[2022-03-13T19:46:35.714+0800][0.899s] GC(0) Old regions: 0->0
[2022-03-13T19:46:35.714+0800][0.899s] GC(0) Archive regions: 0->0
[2022-03-13T19:46:35.714+0800][0.899s] GC(0) Humongous regions: 0->0
[2022-03-13T19:46:35.714+0800][0.899s] GC(0) Metaspace: 6701K(6848K)->6701K(6848K) NonClass: 5937K(6016K)->5937K(6016K) Class: 763K(832K)->763K(832K)
[2022-03-13T19:46:35.714+0800][0.899s] GC(0) Pause Young (Normal) (G1 Evacuation Pause) 29M->3M(512M) 3.590ms
[2022-03-13T19:46:35.714+0800][0.899s] GC(0) User=0.02s Sys=0.00s Real=0.00s
[2022-03-13T19:46:36.588+0800][1.776s] GC(1) Pause Young (Normal) (G1 Evacuation Pause)
[2022-03-13T19:46:36.588+0800][1.776s] GC(1) Using 10 workers of 10 for evacuation
[2022-03-13T19:46:36.597+0800][1.785s] GC(1)   Pre Evacuate Collection Set: 0.1ms
[2022-03-13T19:46:36.597+0800][1.785s] GC(1)   Merge Heap Roots: 0.0ms
[2022-03-13T19:46:36.597+0800][1.785s] GC(1)   Evacuate Collection Set: 8.0ms
[2022-03-13T19:46:36.597+0800][1.785s] GC(1)   Post Evacuate Collection Set: 0.7ms
[2022-03-13T19:46:36.597+0800][1.785s] GC(1)   Other: 0.1ms
[2022-03-13T19:46:36.597+0800][1.785s] GC(1) Eden regions: 42->0(272)
[2022-03-13T19:46:36.597+0800][1.785s] GC(1) Survivor regions: 4->6(6)
[2022-03-13T19:46:36.597+0800][1.785s] GC(1) Old regions: 0->9
[2022-03-13T19:46:36.597+0800][1.785s] GC(1) Archive regions: 0->0
[2022-03-13T19:46:36.597+0800][1.785s] GC(1) Humongous regions: 4->4
[2022-03-13T19:46:36.597+0800][1.785s] GC(1) Metaspace: 15525K(15808K)->15525K(15808K) NonClass: 13741K(13888K)->13741K(13888K) Class: 1783K(1920K)->1783K(1920K)
[2022-03-13T19:46:36.597+0800][1.785s] GC(1) Pause Young (Normal) (G1 Evacuation Pause) 49M->18M(512M) 9.157ms
[2022-03-13T19:46:36.597+0800][1.785s] GC(1) User=0.00s Sys=0.00s Real=0.01s
[2022-03-13T19:46:37.167+0800][2.352s] GC(2) Pause Young (Concurrent Start) (Metadata GC Threshold)
[2022-03-13T19:46:37.167+0800][2.352s] GC(2) Using 10 workers of 10 for evacuation
[2022-03-13T19:46:37.167+0800][2.356s] GC(2)   Pre Evacuate Collection Set: 0.1ms
[2022-03-13T19:46:37.167+0800][2.356s] GC(2)   Merge Heap Roots: 0.1ms
[2022-03-13T19:46:37.167+0800][2.356s] GC(2)   Evacuate Collection Set: 3.0ms
[2022-03-13T19:46:37.167+0800][2.356s] GC(2)   Post Evacuate Collection Set: 0.9ms
[2022-03-13T19:46:37.167+0800][2.356s] GC(2)   Other: 0.3ms
[2022-03-13T19:46:37.167+0800][2.356s] GC(2) Eden regions: 47->0(79)
[2022-03-13T19:46:37.167+0800][2.356s] GC(2) Survivor regions: 6->12(35)
[2022-03-13T19:46:37.167+0800][2.356s] GC(2) Old regions: 9->9
[2022-03-13T19:46:37.167+0800][2.356s] GC(2) Archive regions: 0->0
[2022-03-13T19:46:37.167+0800][2.356s] GC(2) Humongous regions: 4->4
[2022-03-13T19:46:37.167+0800][2.356s] GC(2) Metaspace: 21042K(21248K)->21042K(21248K) NonClass: 18703K(18816K)->18703K(18816K) Class: 2338K(2432K)->2338K(2432K)
[2022-03-13T19:46:37.167+0800][2.356s] GC(2) Pause Young (Concurrent Start) (Metadata GC Threshold) 65M->24M(512M) 4.540ms
[2022-03-13T19:46:37.167+0800][2.356s] GC(2) User=0.00s Sys=0.00s Real=0.00s
[2022-03-13T19:46:37.167+0800][2.356s] GC(3) Concurrent Mark Cycle
[2022-03-13T19:46:37.167+0800][2.356s] GC(3) Concurrent Clear Claimed Marks
[2022-03-13T19:46:37.167+0800][2.356s] GC(3) Concurrent Clear Claimed Marks 0.022ms
[2022-03-13T19:46:37.167+0800][2.356s] GC(3) Concurrent Scan Root Regions
[2022-03-13T19:46:37.167+0800][2.358s] GC(3) Concurrent Scan Root Regions 1.608ms
[2022-03-13T19:46:37.167+0800][2.358s] GC(3) Concurrent Mark
[2022-03-13T19:46:37.167+0800][2.358s] GC(3) Concurrent Mark From Roots
[2022-03-13T19:46:37.167+0800][2.358s] GC(3) Using 3 workers of 3 for marking
[2022-03-13T19:46:37.179+0800][2.364s] GC(3) Concurrent Mark From Roots 6.149ms
[2022-03-13T19:46:37.179+0800][2.364s] GC(3) Concurrent Preclean
[2022-03-13T19:46:37.179+0800][2.364s] GC(3) Concurrent Preclean 0.129ms
[2022-03-13T19:46:37.179+0800][2.364s] GC(3) Pause Remark
[2022-03-13T19:46:37.179+0800][2.366s] GC(3) Pause Remark 25M->25M(512M) 1.776ms
[2022-03-13T19:46:37.179+0800][2.366s] GC(3) User=0.00s Sys=0.00s Real=0.00s
[2022-03-13T19:46:37.179+0800][2.366s] GC(3) Concurrent Mark 8.518ms
[2022-03-13T19:46:37.179+0800][2.366s] GC(3) Concurrent Rebuild Remembered Sets
[2022-03-13T19:46:37.179+0800][2.370s] GC(3) Concurrent Rebuild Remembered Sets 3.531ms
[2022-03-13T19:46:37.179+0800][2.370s] GC(3) Pause Cleanup
[2022-03-13T19:46:37.179+0800][2.370s] GC(3) Pause Cleanup 25M->25M(512M) 0.169ms
[2022-03-13T19:46:37.179+0800][2.370s] GC(3) User=0.00s Sys=0.00s Real=0.00s
[2022-03-13T19:46:37.179+0800][2.371s] GC(3) Concurrent Cleanup for Next Mark
[2022-03-13T19:46:37.179+0800][2.371s] GC(3) Concurrent Cleanup for Next Mark 0.301ms
[2022-03-13T19:46:37.179+0800][2.371s] GC(3) Concurrent Mark Cycle 14.668ms
[2022-03-13T19:46:38.489+0800][3.680s] GC(4) Pause Young (Normal) (G1 Evacuation Pause)
[2022-03-13T19:46:38.489+0800][3.680s] GC(4) Using 10 workers of 10 for evacuation
[2022-03-13T19:46:38.497+0800][3.687s] GC(4)   Pre Evacuate Collection Set: 0.1ms
[2022-03-13T19:46:38.497+0800][3.687s] GC(4)   Merge Heap Roots: 0.1ms
[2022-03-13T19:46:38.497+0800][3.687s] GC(4)   Evacuate Collection Set: 5.1ms
[2022-03-13T19:46:38.497+0800][3.687s] GC(4)   Post Evacuate Collection Set: 0.9ms
[2022-03-13T19:46:38.497+0800][3.687s] GC(4)   Other: 0.1ms
[2022-03-13T19:46:38.497+0800][3.687s] GC(4) Eden regions: 82->0(297)
[2022-03-13T19:46:38.497+0800][3.687s] GC(4) Survivor regions: 12->10(12)
[2022-03-13T19:46:38.497+0800][3.687s] GC(4) Old regions: 9->15
[2022-03-13T19:46:38.497+0800][3.687s] GC(4) Archive regions: 0->0
[2022-03-13T19:46:38.497+0800][3.687s] GC(4) Humongous regions: 4->4
[2022-03-13T19:46:38.497+0800][3.687s] GC(4) Metaspace: 33442K(33792K)->33442K(33792K) NonClass: 29647K(29824K)->29647K(29824K) Class: 3794K(3968K)->3794K(3968K)
[2022-03-13T19:46:38.497+0800][3.687s] GC(4) Pause Young (Normal) (G1 Evacuation Pause) 106M->28M(512M) 6.455ms
[2022-03-13T19:46:38.497+0800][3.687s] GC(4) User=0.08s Sys=0.02s Real=0.01s
[2022-03-13T19:46:38.679+0800][3.866s] GC(5) Pause Young (Concurrent Start) (Metadata GC Threshold)
[2022-03-13T19:46:38.679+0800][3.866s] GC(5) Using 10 workers of 10 for evacuation
[2022-03-13T19:46:38.679+0800][3.871s] GC(5)   Pre Evacuate Collection Set: 0.1ms
[2022-03-13T19:46:38.679+0800][3.871s] GC(5)   Merge Heap Roots: 0.1ms
[2022-03-13T19:46:38.679+0800][3.871s] GC(5)   Evacuate Collection Set: 3.4ms
[2022-03-13T19:46:38.679+0800][3.871s] GC(5)   Post Evacuate Collection Set: 0.7ms
[2022-03-13T19:46:38.679+0800][3.871s] GC(5)   Other: 0.1ms
[2022-03-13T19:46:38.679+0800][3.871s] GC(5) Eden regions: 16->0(295)
[2022-03-13T19:46:38.679+0800][3.871s] GC(5) Survivor regions: 10->12(39)
[2022-03-13T19:46:38.679+0800][3.871s] GC(5) Old regions: 15->15
[2022-03-13T19:46:38.679+0800][3.871s] GC(5) Archive regions: 0->0
[2022-03-13T19:46:38.679+0800][3.871s] GC(5) Humongous regions: 5->4
[2022-03-13T19:46:38.679+0800][3.871s] GC(5) Metaspace: 35510K(35840K)->35510K(35840K) NonClass: 31391K(31552K)->31391K(31552K) Class: 4119K(4288K)->4119K(4288K)
[2022-03-13T19:46:38.679+0800][3.871s] GC(5) Pause Young (Concurrent Start) (Metadata GC Threshold) 45M->30M(512M) 4.542ms
[2022-03-13T19:46:38.679+0800][3.871s] GC(5) User=0.00s Sys=0.00s Real=0.00s
[2022-03-13T19:46:38.679+0800][3.871s] GC(6) Concurrent Mark Cycle
[2022-03-13T19:46:38.679+0800][3.871s] GC(6) Concurrent Clear Claimed Marks
[2022-03-13T19:46:38.679+0800][3.871s] GC(6) Concurrent Clear Claimed Marks 0.026ms
[2022-03-13T19:46:38.679+0800][3.871s] GC(6) Concurrent Scan Root Regions
[2022-03-13T19:46:38.687+0800][3.873s] GC(6) Concurrent Scan Root Regions 2.282ms
[2022-03-13T19:46:38.687+0800][3.873s] GC(6) Concurrent Mark
[2022-03-13T19:46:38.687+0800][3.873s] GC(6) Concurrent Mark From Roots
[2022-03-13T19:46:38.687+0800][3.873s] GC(6) Using 3 workers of 3 for marking
[2022-03-13T19:46:38.699+0800][3.886s] GC(6) Concurrent Mark From Roots 12.342ms
[2022-03-13T19:46:38.699+0800][3.886s] GC(6) Concurrent Preclean
[2022-03-13T19:46:38.699+0800][3.886s] GC(6) Concurrent Preclean 0.130ms
[2022-03-13T19:46:38.699+0800][3.886s] GC(6) Pause Remark
[2022-03-13T19:46:38.699+0800][3.891s] GC(6) Pause Remark 32M->32M(512M) 4.689ms
[2022-03-13T19:46:38.699+0800][3.891s] GC(6) User=0.00s Sys=0.00s Real=0.00s
[2022-03-13T19:46:38.699+0800][3.891s] GC(6) Concurrent Mark 17.596ms
[2022-03-13T19:46:38.699+0800][3.891s] GC(6) Concurrent Rebuild Remembered Sets
[2022-03-13T19:46:38.711+0800][3.897s] GC(6) Concurrent Rebuild Remembered Sets 6.337ms
[2022-03-13T19:46:38.711+0800][3.898s] GC(6) Pause Cleanup
[2022-03-13T19:46:38.711+0800][3.898s] GC(6) Pause Cleanup 32M->32M(512M) 0.135ms
[2022-03-13T19:46:38.711+0800][3.898s] GC(6) User=0.00s Sys=0.00s Real=0.00s
[2022-03-13T19:46:38.711+0800][3.898s] GC(6) Concurrent Cleanup for Next Mark
[2022-03-13T19:46:38.711+0800][3.898s] GC(6) Concurrent Cleanup for Next Mark 0.287ms
[2022-03-13T19:46:38.711+0800][3.898s] GC(6) Concurrent Mark Cycle 27.159ms
[2022-03-13T19:48:54.672+0800][139.856s] Heap
[2022-03-13T19:48:54.672+0800][139.857s]  garbage-first heap   total 524288K, used 144100K [0x00000000e0000000, 0x0000000100000000)
[2022-03-13T19:48:54.672+0800][139.857s]   region size 1024K, 123 young (125952K), 12 survivors (12288K)
[2022-03-13T19:48:54.672+0800][139.857s]  Metaspace       used 48195K, committed 48576K, reserved 1097728K
[2022-03-13T19:48:54.672+0800][139.857s]   class space    used 5728K, committed 5888K, reserved 1048576K
