[2022-03-13T19:49:00.315+0800][0.032s] Using G1
[2022-03-13T19:49:00.534+0800][0.251s] Version: 16+36-2231 (release)
[2022-03-13T19:49:00.534+0800][0.251s] CPUs: 12 total, 12 available
[2022-03-13T19:49:00.534+0800][0.251s] Memory: 24377M
[2022-03-13T19:49:00.534+0800][0.251s] Large Page Support: Disabled
[2022-03-13T19:49:00.534+0800][0.251s] NUMA Support: Disabled
[2022-03-13T19:49:00.534+0800][0.251s] Compressed Oops: Enabled (32-bit)
[2022-03-13T19:49:00.534+0800][0.251s] Heap Region Size: 1M
[2022-03-13T19:49:00.534+0800][0.251s] Heap Min Capacity: 512M
[2022-03-13T19:49:00.534+0800][0.251s] Heap Initial Capacity: 512M
[2022-03-13T19:49:00.534+0800][0.251s] Heap Max Capacity: 512M
[2022-03-13T19:49:00.534+0800][0.251s] Pre-touch: Enabled
[2022-03-13T19:49:00.542+0800][0.253s] Parallel Workers: 10
[2022-03-13T19:49:00.542+0800][0.253s] Concurrent Workers: 3
[2022-03-13T19:49:00.542+0800][0.253s] Concurrent Refinement Workers: 10
[2022-03-13T19:49:00.542+0800][0.253s] Periodic GC: Disabled
[2022-03-13T19:49:00.543+0800][0.255s] CDS archive(s) mapped at: [0x0000000800000000-0x0000000800bb0000-0x0000000800bb0000), size 12255232, SharedBaseAddress: 0x0000000800000000, ArchiveRelocationMode: 0.
[2022-03-13T19:49:00.543+0800][0.255s] Compressed class space mapped at: 0x0000000800c00000-0x0000000840c00000, reserved size: 1073741824
[2022-03-13T19:49:00.543+0800][0.255s] Narrow klass base: 0x0000000800000000, Narrow klass shift: 3, Narrow klass range: 0x100000000
[2022-03-13T19:49:01.276+0800][0.987s] GC(0) Pause Young (Normal) (G1 Evacuation Pause)
[2022-03-13T19:49:01.276+0800][0.988s] GC(0) Using 10 workers of 10 for evacuation
[2022-03-13T19:49:01.276+0800][0.991s] GC(0)   Pre Evacuate Collection Set: 0.1ms
[2022-03-13T19:49:01.276+0800][0.991s] GC(0)   Merge Heap Roots: 0.1ms
[2022-03-13T19:49:01.276+0800][0.991s] GC(0)   Evacuate Collection Set: 2.1ms
[2022-03-13T19:49:01.276+0800][0.991s] GC(0)   Post Evacuate Collection Set: 0.5ms
[2022-03-13T19:49:01.276+0800][0.991s] GC(0)   Other: 0.6ms
[2022-03-13T19:49:01.276+0800][0.991s] GC(0) Eden regions: 29->0(43)
[2022-03-13T19:49:01.276+0800][0.991s] GC(0) Survivor regions: 0->4(4)
[2022-03-13T19:49:01.276+0800][0.991s] GC(0) Old regions: 0->0
[2022-03-13T19:49:01.276+0800][0.991s] GC(0) Archive regions: 0->0
[2022-03-13T19:49:01.276+0800][0.991s] GC(0) Humongous regions: 0->0
[2022-03-13T19:49:01.276+0800][0.991s] GC(0) Metaspace: 6690K(6848K)->6690K(6848K) NonClass: 5924K(6016K)->5924K(6016K) Class: 766K(832K)->766K(832K)
[2022-03-13T19:49:01.276+0800][0.991s] GC(0) Pause Young (Normal) (G1 Evacuation Pause) 29M->3M(512M) 3.626ms
[2022-03-13T19:49:01.276+0800][0.991s] GC(0) User=0.00s Sys=0.00s Real=0.00s
[2022-03-13T19:49:02.248+0800][1.961s] GC(1) Pause Young (Normal) (G1 Evacuation Pause)
[2022-03-13T19:49:02.248+0800][1.961s] GC(1) Using 10 workers of 10 for evacuation
[2022-03-13T19:49:02.254+0800][1.970s] GC(1)   Pre Evacuate Collection Set: 0.1ms
[2022-03-13T19:49:02.254+0800][1.970s] GC(1)   Merge Heap Roots: 0.1ms
[2022-03-13T19:49:02.254+0800][1.970s] GC(1)   Evacuate Collection Set: 7.5ms
[2022-03-13T19:49:02.254+0800][1.970s] GC(1)   Post Evacuate Collection Set: 0.7ms
[2022-03-13T19:49:02.254+0800][1.970s] GC(1)   Other: 0.1ms
[2022-03-13T19:49:02.254+0800][1.970s] GC(1) Eden regions: 43->0(202)
[2022-03-13T19:49:02.254+0800][1.970s] GC(1) Survivor regions: 4->6(6)
[2022-03-13T19:49:02.254+0800][1.970s] GC(1) Old regions: 0->10
[2022-03-13T19:49:02.254+0800][1.970s] GC(1) Archive regions: 0->0
[2022-03-13T19:49:02.254+0800][1.970s] GC(1) Humongous regions: 4->4
[2022-03-13T19:49:02.254+0800][1.970s] GC(1) Metaspace: 15541K(15808K)->15541K(15808K) NonClass: 13753K(13888K)->13753K(13888K) Class: 1787K(1920K)->1787K(1920K)
[2022-03-13T19:49:02.254+0800][1.970s] GC(1) Pause Young (Normal) (G1 Evacuation Pause) 50M->19M(512M) 8.638ms
[2022-03-13T19:49:02.254+0800][1.970s] GC(1) User=0.00s Sys=0.00s Real=0.01s
[2022-03-13T19:49:02.873+0800][2.584s] GC(2) Pause Young (Concurrent Start) (Metadata GC Threshold)
[2022-03-13T19:49:02.873+0800][2.584s] GC(2) Using 10 workers of 10 for evacuation
[2022-03-13T19:49:02.874+0800][2.589s] GC(2)   Pre Evacuate Collection Set: 0.1ms
[2022-03-13T19:49:02.874+0800][2.589s] GC(2)   Merge Heap Roots: 0.1ms
[2022-03-13T19:49:02.874+0800][2.589s] GC(2)   Evacuate Collection Set: 3.2ms
[2022-03-13T19:49:02.874+0800][2.589s] GC(2)   Post Evacuate Collection Set: 1.0ms
[2022-03-13T19:49:02.874+0800][2.589s] GC(2)   Other: 0.3ms
[2022-03-13T19:49:02.874+0800][2.589s] GC(2) Eden regions: 46->0(76)
[2022-03-13T19:49:02.874+0800][2.589s] GC(2) Survivor regions: 6->11(26)
[2022-03-13T19:49:02.874+0800][2.589s] GC(2) Old regions: 10->10
[2022-03-13T19:49:02.874+0800][2.589s] GC(2) Archive regions: 0->0
[2022-03-13T19:49:02.874+0800][2.589s] GC(2) Humongous regions: 4->4
[2022-03-13T19:49:02.874+0800][2.589s] GC(2) Metaspace: 20931K(21248K)->20931K(21248K) NonClass: 18608K(18752K)->18608K(18752K) Class: 2323K(2496K)->2323K(2496K)
[2022-03-13T19:49:02.874+0800][2.589s] GC(2) Pause Young (Concurrent Start) (Metadata GC Threshold) 64M->24M(512M) 4.811ms
[2022-03-13T19:49:02.874+0800][2.589s] GC(2) User=0.00s Sys=0.00s Real=0.00s
[2022-03-13T19:49:02.874+0800][2.589s] GC(3) Concurrent Mark Cycle
[2022-03-13T19:49:02.874+0800][2.589s] GC(3) Concurrent Clear Claimed Marks
[2022-03-13T19:49:02.874+0800][2.589s] GC(3) Concurrent Clear Claimed Marks 0.022ms
[2022-03-13T19:49:02.874+0800][2.589s] GC(3) Concurrent Scan Root Regions
[2022-03-13T19:49:02.874+0800][2.591s] GC(3) Concurrent Scan Root Regions 1.708ms
[2022-03-13T19:49:02.874+0800][2.591s] GC(3) Concurrent Mark
[2022-03-13T19:49:02.874+0800][2.591s] GC(3) Concurrent Mark From Roots
[2022-03-13T19:49:02.874+0800][2.591s] GC(3) Using 3 workers of 3 for marking
[2022-03-13T19:49:02.883+0800][2.598s] GC(3) Concurrent Mark From Roots 6.557ms
[2022-03-13T19:49:02.883+0800][2.598s] GC(3) Concurrent Preclean
[2022-03-13T19:49:02.883+0800][2.598s] GC(3) Concurrent Preclean 0.123ms
[2022-03-13T19:49:02.883+0800][2.598s] GC(3) Pause Remark
[2022-03-13T19:49:02.883+0800][2.601s] GC(3) Pause Remark 25M->25M(512M) 2.298ms
[2022-03-13T19:49:02.883+0800][2.601s] GC(3) User=0.00s Sys=0.00s Real=0.00s
[2022-03-13T19:49:02.883+0800][2.601s] GC(3) Concurrent Mark 9.620ms
[2022-03-13T19:49:02.883+0800][2.601s] GC(3) Concurrent Rebuild Remembered Sets
[2022-03-13T19:49:02.893+0800][2.604s] GC(3) Concurrent Rebuild Remembered Sets 3.695ms
[2022-03-13T19:49:02.893+0800][2.605s] GC(3) Pause Cleanup
[2022-03-13T19:49:02.893+0800][2.605s] GC(3) Pause Cleanup 26M->26M(512M) 0.175ms
[2022-03-13T19:49:02.893+0800][2.605s] GC(3) User=0.00s Sys=0.00s Real=0.00s
[2022-03-13T19:49:02.893+0800][2.605s] GC(3) Concurrent Cleanup for Next Mark
[2022-03-13T19:49:02.893+0800][2.605s] GC(3) Concurrent Cleanup for Next Mark 0.305ms
[2022-03-13T19:49:02.893+0800][2.605s] GC(3) Concurrent Mark Cycle 16.065ms
[2022-03-13T19:49:04.124+0800][3.838s] GC(4) Pause Young (Normal) (G1 Evacuation Pause)
[2022-03-13T19:49:04.124+0800][3.838s] GC(4) Using 10 workers of 10 for evacuation
[2022-03-13T19:49:04.132+0800][3.843s] GC(4)   Pre Evacuate Collection Set: 0.1ms
[2022-03-13T19:49:04.132+0800][3.843s] GC(4)   Merge Heap Roots: 0.1ms
[2022-03-13T19:49:04.132+0800][3.843s] GC(4)   Evacuate Collection Set: 4.7ms
[2022-03-13T19:49:04.132+0800][3.843s] GC(4)   Post Evacuate Collection Set: 0.6ms
[2022-03-13T19:49:04.132+0800][3.843s] GC(4)   Other: 0.1ms
[2022-03-13T19:49:04.132+0800][3.843s] GC(4) Eden regions: 79->0(297)
[2022-03-13T19:49:04.132+0800][3.844s] GC(4) Survivor regions: 11->10(12)
[2022-03-13T19:49:04.132+0800][3.844s] GC(4) Old regions: 10->16
[2022-03-13T19:49:04.132+0800][3.844s] GC(4) Archive regions: 0->0
[2022-03-13T19:49:04.132+0800][3.844s] GC(4) Humongous regions: 4->4
[2022-03-13T19:49:04.132+0800][3.844s] GC(4) Metaspace: 33437K(33728K)->33437K(33728K) NonClass: 29634K(29824K)->29634K(29824K) Class: 3803K(3904K)->3803K(3904K)
[2022-03-13T19:49:04.132+0800][3.844s] GC(4) Pause Young (Normal) (G1 Evacuation Pause) 103M->28M(512M) 5.815ms
[2022-03-13T19:49:04.132+0800][3.844s] GC(4) User=0.00s Sys=0.00s Real=0.01s
[2022-03-13T19:49:04.305+0800][4.018s] GC(5) Pause Young (Concurrent Start) (Metadata GC Threshold)
[2022-03-13T19:49:04.305+0800][4.018s] GC(5) Using 10 workers of 10 for evacuation
[2022-03-13T19:49:04.305+0800][4.022s] GC(5)   Pre Evacuate Collection Set: 0.1ms
[2022-03-13T19:49:04.305+0800][4.022s] GC(5)   Merge Heap Roots: 0.1ms
[2022-03-13T19:49:04.305+0800][4.022s] GC(5)   Evacuate Collection Set: 2.9ms
[2022-03-13T19:49:04.305+0800][4.022s] GC(5)   Post Evacuate Collection Set: 0.5ms
[2022-03-13T19:49:04.305+0800][4.022s] GC(5)   Other: 0.2ms
[2022-03-13T19:49:04.305+0800][4.022s] GC(5) Eden regions: 15->0(296)
[2022-03-13T19:49:04.305+0800][4.022s] GC(5) Survivor regions: 10->11(39)
[2022-03-13T19:49:04.305+0800][4.022s] GC(5) Old regions: 16->16
[2022-03-13T19:49:04.305+0800][4.022s] GC(5) Archive regions: 0->0
[2022-03-13T19:49:04.305+0800][4.022s] GC(5) Humongous regions: 4->4
[2022-03-13T19:49:04.305+0800][4.022s] GC(5) Metaspace: 35393K(35648K)->35393K(35648K) NonClass: 31286K(31424K)->31286K(31424K) Class: 4107K(4224K)->4107K(4224K)
[2022-03-13T19:49:04.305+0800][4.022s] GC(5) Pause Young (Concurrent Start) (Metadata GC Threshold) 43M->29M(512M) 3.938ms
[2022-03-13T19:49:04.305+0800][4.022s] GC(5) User=0.00s Sys=0.00s Real=0.00s
[2022-03-13T19:49:04.305+0800][4.022s] GC(6) Concurrent Mark Cycle
[2022-03-13T19:49:04.305+0800][4.022s] GC(6) Concurrent Clear Claimed Marks
[2022-03-13T19:49:04.305+0800][4.022s] GC(6) Concurrent Clear Claimed Marks 0.028ms
[2022-03-13T19:49:04.305+0800][4.022s] GC(6) Concurrent Scan Root Regions
[2022-03-13T19:49:04.313+0800][4.025s] GC(6) Concurrent Scan Root Regions 2.681ms
[2022-03-13T19:49:04.313+0800][4.025s] GC(6) Concurrent Mark
[2022-03-13T19:49:04.313+0800][4.025s] GC(6) Concurrent Mark From Roots
[2022-03-13T19:49:04.313+0800][4.025s] GC(6) Using 3 workers of 3 for marking
[2022-03-13T19:49:04.325+0800][4.037s] GC(6) Concurrent Mark From Roots 12.198ms
[2022-03-13T19:49:04.325+0800][4.037s] GC(6) Concurrent Preclean
[2022-03-13T19:49:04.325+0800][4.038s] GC(6) Concurrent Preclean 0.118ms
[2022-03-13T19:49:04.325+0800][4.038s] GC(6) Pause Remark
[2022-03-13T19:49:04.325+0800][4.041s] GC(6) Pause Remark 34M->34M(512M) 2.898ms
[2022-03-13T19:49:04.325+0800][4.041s] GC(6) User=0.00s Sys=0.00s Real=0.00s
[2022-03-13T19:49:04.325+0800][4.041s] GC(6) Concurrent Mark 16.079ms
[2022-03-13T19:49:04.325+0800][4.041s] GC(6) Concurrent Rebuild Remembered Sets
[2022-03-13T19:49:04.333+0800][4.047s] GC(6) Concurrent Rebuild Remembered Sets 5.650ms
[2022-03-13T19:49:04.333+0800][4.047s] GC(6) Pause Cleanup
[2022-03-13T19:49:04.333+0800][4.047s] GC(6) Pause Cleanup 35M->35M(512M) 0.132ms
[2022-03-13T19:49:04.333+0800][4.047s] GC(6) User=0.00s Sys=0.00s Real=0.00s
[2022-03-13T19:49:04.333+0800][4.047s] GC(6) Concurrent Cleanup for Next Mark
[2022-03-13T19:49:04.333+0800][4.048s] GC(6) Concurrent Cleanup for Next Mark 0.373ms
[2022-03-13T19:49:04.333+0800][4.048s] GC(6) Concurrent Mark Cycle 25.464ms
[2022-03-13T19:49:08.704+0800][8.416s] GC(7) Pause Young (Normal) (G1 Evacuation Pause)
[2022-03-13T19:49:08.704+0800][8.416s] GC(7) Using 10 workers of 10 for evacuation
[2022-03-13T19:49:08.713+0800][8.427s] GC(7)   Pre Evacuate Collection Set: 0.1ms
[2022-03-13T19:49:08.713+0800][8.427s] GC(7)   Merge Heap Roots: 0.1ms
[2022-03-13T19:49:08.713+0800][8.427s] GC(7)   Evacuate Collection Set: 9.5ms
[2022-03-13T19:49:08.713+0800][8.427s] GC(7)   Post Evacuate Collection Set: 1.4ms
[2022-03-13T19:49:08.713+0800][8.427s] GC(7)   Other: 0.2ms
[2022-03-13T19:49:08.713+0800][8.427s] GC(7) Eden regions: 296->0(275)
[2022-03-13T19:49:08.713+0800][8.427s] GC(7) Survivor regions: 11->32(39)
[2022-03-13T19:49:08.713+0800][8.427s] GC(7) Old regions: 16->16
[2022-03-13T19:49:08.713+0800][8.427s] GC(7) Archive regions: 0->0
[2022-03-13T19:49:08.713+0800][8.427s] GC(7) Humongous regions: 11->9
[2022-03-13T19:49:08.713+0800][8.427s] GC(7) Metaspace: 50444K(50816K)->50444K(50816K) NonClass: 44569K(44800K)->44569K(44800K) Class: 5875K(6016K)->5875K(6016K)
[2022-03-13T19:49:08.713+0800][8.427s] GC(7) Pause Young (Normal) (G1 Evacuation Pause) 332M->55M(512M) 11.453ms
[2022-03-13T19:49:08.713+0800][8.427s] GC(7) User=0.16s Sys=0.00s Real=0.01s
[2022-03-13T19:49:24.169+0800][23.880s] Heap
[2022-03-13T19:49:24.169+0800][23.880s]  garbage-first heap   total 524288K, used 123882K [0x00000000e0000000, 0x0000000100000000)
[2022-03-13T19:49:24.169+0800][23.880s]   region size 1024K, 97 young (99328K), 32 survivors (32768K)
[2022-03-13T19:49:24.169+0800][23.880s]  Metaspace       used 50857K, committed 51328K, reserved 1097728K
[2022-03-13T19:49:24.169+0800][23.880s]   class space    used 5928K, committed 6144K, reserved 1048576K
