[2022-03-12T21:17:15.194+0800][0.043s] Using G1
[2022-03-12T21:17:15.552+0800][0.397s] Version: 17.0.2+8-LTS-86 (release)
[2022-03-12T21:17:15.552+0800][0.397s] CPUs: 8 total, 8 available
[2022-03-12T21:17:15.552+0800][0.397s] Memory: 8086M
[2022-03-12T21:17:15.552+0800][0.397s] Large Page Support: Disabled
[2022-03-12T21:17:15.552+0800][0.397s] NUMA Support: Disabled
[2022-03-12T21:17:15.552+0800][0.397s] Compressed Oops: Enabled (32-bit)
[2022-03-12T21:17:15.552+0800][0.397s] Heap Region Size: 1M
[2022-03-12T21:17:15.552+0800][0.397s] Heap Min Capacity: 512M
[2022-03-12T21:17:15.552+0800][0.397s] Heap Initial Capacity: 512M
[2022-03-12T21:17:15.552+0800][0.397s] Heap Max Capacity: 512M
[2022-03-12T21:17:15.552+0800][0.397s] Pre-touch: Enabled
[2022-03-12T21:17:15.552+0800][0.398s] Parallel Workers: 8
[2022-03-12T21:17:15.553+0800][0.398s] Concurrent Workers: 2
[2022-03-12T21:17:15.553+0800][0.398s] Concurrent Refinement Workers: 8
[2022-03-12T21:17:15.553+0800][0.398s] Periodic GC: Disabled
[2022-03-12T21:17:15.553+0800][0.398s] CDS archive(s) mapped at: [0x0000000800000000-0x0000000800bc0000-0x0000000800bc0000), size 12320768, SharedBaseAddress: 0x0000000800000000, ArchiveRelocationMode: 0.
[2022-03-12T21:17:15.553+0800][0.398s] Compressed class space mapped at: 0x0000000800c00000-0x0000000840c00000, reserved size: 1073741824
[2022-03-12T21:17:15.553+0800][0.398s] Narrow klass base: 0x0000000800000000, Narrow klass shift: 0, Narrow klass range: 0x100000000
[2022-03-12T21:17:16.954+0800][1.799s] GC(0) Pause Young (Normal) (G1 Evacuation Pause)
[2022-03-12T21:17:16.955+0800][1.800s] GC(0) Using 8 workers of 8 for evacuation
[2022-03-12T21:17:16.961+0800][1.806s] GC(0)   Pre Evacuate Collection Set: 0.1ms
[2022-03-12T21:17:16.961+0800][1.806s] GC(0)   Merge Heap Roots: 0.1ms
[2022-03-12T21:17:16.961+0800][1.806s] GC(0)   Evacuate Collection Set: 5.2ms
[2022-03-12T21:17:16.961+0800][1.806s] GC(0)   Post Evacuate Collection Set: 0.5ms
[2022-03-12T21:17:16.961+0800][1.806s] GC(0)   Other: 1.0ms
[2022-03-12T21:17:16.961+0800][1.806s] GC(0) Eden regions: 29->0(36)
[2022-03-12T21:17:16.961+0800][1.806s] GC(0) Survivor regions: 0->4(4)
[2022-03-12T21:17:16.961+0800][1.806s] GC(0) Old regions: 0->3
[2022-03-12T21:17:16.961+0800][1.806s] GC(0) Archive regions: 0->0
[2022-03-12T21:17:16.961+0800][1.806s] GC(0) Humongous regions: 4->4
[2022-03-12T21:17:16.961+0800][1.806s] GC(0) Metaspace: 9806K(9984K)->9806K(9984K) NonClass: 8646K(8768K)->8646K(8768K) Class: 1160K(1216K)->1160K(1216K)
[2022-03-12T21:17:16.961+0800][1.806s] GC(0) Pause Young (Normal) (G1 Evacuation Pause) 33M->10M(512M) 7.215ms
[2022-03-12T21:17:16.961+0800][1.806s] GC(0) User=0.02s Sys=0.00s Real=0.01s
[2022-03-12T21:17:17.813+0800][2.658s] GC(1) Pause Young (Normal) (G1 Evacuation Pause)
[2022-03-12T21:17:17.813+0800][2.658s] GC(1) Using 8 workers of 8 for evacuation
[2022-03-12T21:17:17.833+0800][2.678s] GC(1)   Pre Evacuate Collection Set: 0.2ms
[2022-03-12T21:17:17.833+0800][2.678s] GC(1)   Merge Heap Roots: 0.3ms
[2022-03-12T21:17:17.833+0800][2.678s] GC(1)   Evacuate Collection Set: 18.0ms
[2022-03-12T21:17:17.833+0800][2.679s] GC(1)   Post Evacuate Collection Set: 1.7ms
[2022-03-12T21:17:17.833+0800][2.679s] GC(1)   Other: 0.3ms
[2022-03-12T21:17:17.833+0800][2.679s] GC(1) Eden regions: 31->0(44)
[2022-03-12T21:17:17.834+0800][2.679s] GC(1) Survivor regions: 4->5(5)
[2022-03-12T21:17:17.834+0800][2.679s] GC(1) Old regions: 3->11
[2022-03-12T21:17:17.834+0800][2.679s] GC(1) Archive regions: 0->0
[2022-03-12T21:17:17.834+0800][2.679s] GC(1) Humongous regions: 4->4
[2022-03-12T21:17:17.834+0800][2.679s] GC(1) Metaspace: 15497K(15744K)->15497K(15744K) NonClass: 13684K(13824K)->13684K(13824K) Class: 1813K(1920K)->1813K(1920K)
[2022-03-12T21:17:17.834+0800][2.679s] GC(1) Pause Young (Normal) (G1 Evacuation Pause) 41M->19M(512M) 21.190ms
[2022-03-12T21:17:17.834+0800][2.679s] GC(1) User=0.03s Sys=0.00s Real=0.02s
[2022-03-12T21:17:18.870+0800][3.714s] GC(2) Pause Young (Normal) (G1 Evacuation Pause)
[2022-03-12T21:17:18.870+0800][3.714s] GC(2) Using 8 workers of 8 for evacuation
[2022-03-12T21:17:18.875+0800][3.720s] GC(2)   Pre Evacuate Collection Set: 0.1ms
[2022-03-12T21:17:18.875+0800][3.720s] GC(2)   Merge Heap Roots: 0.1ms
[2022-03-12T21:17:18.875+0800][3.720s] GC(2)   Evacuate Collection Set: 4.3ms
[2022-03-12T21:17:18.875+0800][3.720s] GC(2)   Post Evacuate Collection Set: 0.8ms
[2022-03-12T21:17:18.875+0800][3.720s] GC(2)   Other: 0.3ms
[2022-03-12T21:17:18.875+0800][3.720s] GC(2) Eden regions: 44->0(167)
[2022-03-12T21:17:18.875+0800][3.720s] GC(2) Survivor regions: 5->5(7)
[2022-03-12T21:17:18.875+0800][3.720s] GC(2) Old regions: 11->16
[2022-03-12T21:17:18.875+0800][3.720s] GC(2) Archive regions: 0->0
[2022-03-12T21:17:18.875+0800][3.720s] GC(2) Humongous regions: 4->4
[2022-03-12T21:17:18.875+0800][3.720s] GC(2) Metaspace: 20650K(20864K)->20650K(20864K) NonClass: 18324K(18432K)->18324K(18432K) Class: 2326K(2432K)->2326K(2432K)
[2022-03-12T21:17:18.875+0800][3.720s] GC(2) Pause Young (Normal) (G1 Evacuation Pause) 63M->24M(512M) 5.964ms
[2022-03-12T21:17:18.875+0800][3.720s] GC(2) User=0.00s Sys=0.00s Real=0.01s
[2022-03-12T21:17:18.920+0800][3.765s] GC(3) Pause Young (Concurrent Start) (Metadata GC Threshold)
[2022-03-12T21:17:18.920+0800][3.765s] GC(3) Using 8 workers of 8 for evacuation
[2022-03-12T21:17:18.923+0800][3.768s] GC(3)   Pre Evacuate Collection Set: 0.1ms
[2022-03-12T21:17:18.923+0800][3.768s] GC(3)   Merge Heap Roots: 0.2ms
[2022-03-12T21:17:18.923+0800][3.768s] GC(3)   Evacuate Collection Set: 1.9ms
[2022-03-12T21:17:18.923+0800][3.768s] GC(3)   Post Evacuate Collection Set: 0.5ms
[2022-03-12T21:17:18.923+0800][3.768s] GC(3)   Other: 0.3ms
[2022-03-12T21:17:18.923+0800][3.768s] GC(3) Eden regions: 3->0(302)
[2022-03-12T21:17:18.923+0800][3.768s] GC(3) Survivor regions: 5->5(22)
[2022-03-12T21:17:18.923+0800][3.768s] GC(3) Old regions: 16->16
[2022-03-12T21:17:18.923+0800][3.768s] GC(3) Archive regions: 0->0
[2022-03-12T21:17:18.923+0800][3.768s] GC(3) Humongous regions: 4->4
[2022-03-12T21:17:18.923+0800][3.768s] GC(3) Metaspace: 21257K(21504K)->21257K(21504K) NonClass: 18851K(18944K)->18851K(18944K) Class: 2406K(2560K)->2406K(2560K)
[2022-03-12T21:17:18.923+0800][3.768s] GC(3) Pause Young (Concurrent Start) (Metadata GC Threshold) 27M->24M(512M) 3.211ms
[2022-03-12T21:17:18.923+0800][3.768s] GC(3) User=0.00s Sys=0.00s Real=0.00s
[2022-03-12T21:17:18.924+0800][3.768s] GC(4) Concurrent Mark Cycle
[2022-03-12T21:17:18.924+0800][3.768s] GC(4) Concurrent Clear Claimed Marks
[2022-03-12T21:17:18.924+0800][3.768s] GC(4) Concurrent Clear Claimed Marks 0.032ms
[2022-03-12T21:17:18.924+0800][3.768s] GC(4) Concurrent Scan Root Regions
[2022-03-12T21:17:18.925+0800][3.769s] GC(4) Concurrent Scan Root Regions 0.952ms
[2022-03-12T21:17:18.925+0800][3.769s] GC(4) Concurrent Mark
[2022-03-12T21:17:18.925+0800][3.770s] GC(4) Concurrent Mark From Roots
[2022-03-12T21:17:18.925+0800][3.770s] GC(4) Using 2 workers of 2 for marking
[2022-03-12T21:17:18.950+0800][3.795s] GC(4) Concurrent Mark From Roots 25.309ms
[2022-03-12T21:17:18.951+0800][3.795s] GC(4) Concurrent Preclean
[2022-03-12T21:17:18.951+0800][3.795s] GC(4) Concurrent Preclean 0.205ms
[2022-03-12T21:17:18.951+0800][3.795s] GC(4) Pause Remark
[2022-03-12T21:17:18.953+0800][3.798s] GC(4) Pause Remark 27M->27M(512M) 2.331ms
[2022-03-12T21:17:18.953+0800][3.798s] GC(4) User=0.00s Sys=0.00s Real=0.00s
[2022-03-12T21:17:18.954+0800][3.798s] GC(4) Concurrent Mark 28.458ms
[2022-03-12T21:17:18.954+0800][3.798s] GC(4) Concurrent Rebuild Remembered Sets
[2022-03-12T21:17:18.961+0800][3.805s] GC(4) Concurrent Rebuild Remembered Sets 7.481ms
[2022-03-12T21:17:18.961+0800][3.806s] GC(4) Pause Cleanup
[2022-03-12T21:17:18.961+0800][3.806s] GC(4) Pause Cleanup 27M->27M(512M) 0.162ms
[2022-03-12T21:17:18.961+0800][3.806s] GC(4) User=0.00s Sys=0.00s Real=0.00s
[2022-03-12T21:17:18.961+0800][3.806s] GC(4) Concurrent Cleanup for Next Mark
[2022-03-12T21:17:18.962+0800][3.807s] GC(4) Concurrent Cleanup for Next Mark 0.775ms
[2022-03-12T21:17:18.962+0800][3.807s] GC(4) Concurrent Mark Cycle 38.789ms
[2022-03-12T21:19:42.344+0800][147.189s] GC(5) Pause Young (Prepare Mixed) (Metadata GC Threshold)
[2022-03-12T21:19:42.344+0800][147.189s] GC(5) Using 8 workers of 8 for evacuation
[2022-03-12T21:19:42.355+0800][147.200s] GC(5)   Pre Evacuate Collection Set: 0.1ms
[2022-03-12T21:19:42.355+0800][147.200s] GC(5)   Merge Heap Roots: 0.1ms
[2022-03-12T21:19:42.355+0800][147.200s] GC(5)   Evacuate Collection Set: 9.5ms
[2022-03-12T21:19:42.355+0800][147.200s] GC(5)   Post Evacuate Collection Set: 0.9ms
[2022-03-12T21:19:42.355+0800][147.200s] GC(5)   Other: 0.2ms
[2022-03-12T21:19:42.355+0800][147.200s] GC(5) Eden regions: 94->0(12)
[2022-03-12T21:19:42.355+0800][147.200s] GC(5) Survivor regions: 5->13(39)
[2022-03-12T21:19:42.355+0800][147.200s] GC(5) Old regions: 16->16
[2022-03-12T21:19:42.355+0800][147.200s] GC(5) Archive regions: 0->0
[2022-03-12T21:19:42.355+0800][147.200s] GC(5) Humongous regions: 4->4
[2022-03-12T21:19:42.355+0800][147.200s] GC(5) Metaspace: 36216K(36480K)->36216K(36480K) NonClass: 32018K(32128K)->32018K(32128K) Class: 4198K(4352K)->4198K(4352K)
[2022-03-12T21:19:42.355+0800][147.200s] GC(5) Pause Young (Prepare Mixed) (Metadata GC Threshold) 118M->32M(512M) 11.322ms
[2022-03-12T21:19:42.355+0800][147.200s] GC(5) User=0.05s Sys=0.00s Real=0.01s
[2022-03-12T21:19:42.412+0800][147.257s] GC(6) Pause Young (Mixed) (Metadata GC Threshold)
[2022-03-12T21:19:42.412+0800][147.257s] GC(6) Using 8 workers of 8 for evacuation
[2022-03-12T21:19:42.418+0800][147.263s] GC(6)   Pre Evacuate Collection Set: 0.1ms
[2022-03-12T21:19:42.418+0800][147.263s] GC(6)   Merge Heap Roots: 0.1ms
[2022-03-12T21:19:42.418+0800][147.263s] GC(6)   Evacuate Collection Set: 4.9ms
[2022-03-12T21:19:42.418+0800][147.263s] GC(6)   Post Evacuate Collection Set: 0.5ms
[2022-03-12T21:19:42.418+0800][147.263s] GC(6)   Other: 0.2ms
[2022-03-12T21:19:42.418+0800][147.263s] GC(6) Eden regions: 2->0(306)
[2022-03-12T21:19:42.418+0800][147.263s] GC(6) Survivor regions: 13->1(4)
[2022-03-12T21:19:42.418+0800][147.263s] GC(6) Old regions: 16->28
[2022-03-12T21:19:42.418+0800][147.263s] GC(6) Archive regions: 0->0
[2022-03-12T21:19:42.418+0800][147.263s] GC(6) Humongous regions: 4->4
[2022-03-12T21:19:42.418+0800][147.263s] GC(6) Metaspace: 36544K(36800K)->36544K(36800K) NonClass: 32276K(32384K)->32276K(32384K) Class: 4267K(4416K)->4267K(4416K)
[2022-03-12T21:19:42.418+0800][147.263s] GC(6) Pause Young (Mixed) (Metadata GC Threshold) 33M->32M(512M) 6.097ms
[2022-03-12T21:19:42.418+0800][147.263s] GC(6) User=0.02s Sys=0.00s Real=0.01s
[2022-03-12T21:19:42.464+0800][147.308s] GC(7) Pause Young (Concurrent Start) (Metadata GC Threshold)
[2022-03-12T21:19:42.464+0800][147.308s] GC(7) Using 8 workers of 8 for evacuation
[2022-03-12T21:19:42.466+0800][147.310s] GC(7)   Pre Evacuate Collection Set: 0.2ms
[2022-03-12T21:19:42.466+0800][147.310s] GC(7)   Merge Heap Roots: 0.1ms
[2022-03-12T21:19:42.466+0800][147.310s] GC(7)   Evacuate Collection Set: 1.0ms
[2022-03-12T21:19:42.466+0800][147.311s] GC(7)   Post Evacuate Collection Set: 0.7ms
[2022-03-12T21:19:42.466+0800][147.311s] GC(7)   Other: 0.3ms
[2022-03-12T21:19:42.466+0800][147.311s] GC(7) Eden regions: 2->0(306)
[2022-03-12T21:19:42.466+0800][147.311s] GC(7) Survivor regions: 1->1(39)
[2022-03-12T21:19:42.466+0800][147.311s] GC(7) Old regions: 28->28
[2022-03-12T21:19:42.466+0800][147.311s] GC(7) Archive regions: 0->0
[2022-03-12T21:19:42.466+0800][147.311s] GC(7) Humongous regions: 4->4
[2022-03-12T21:19:42.466+0800][147.311s] GC(7) Metaspace: 36855K(37120K)->36855K(37120K) NonClass: 32534K(32640K)->32534K(32640K) Class: 4321K(4480K)->4321K(4480K)
[2022-03-12T21:19:42.466+0800][147.311s] GC(7) Pause Young (Concurrent Start) (Metadata GC Threshold) 34M->31M(512M) 2.766ms
[2022-03-12T21:19:42.466+0800][147.311s] GC(7) User=0.00s Sys=0.00s Real=0.00s
[2022-03-12T21:19:42.466+0800][147.311s] GC(8) Concurrent Mark Cycle
[2022-03-12T21:19:42.466+0800][147.311s] GC(8) Concurrent Clear Claimed Marks
[2022-03-12T21:19:42.467+0800][147.311s] GC(8) Concurrent Clear Claimed Marks 0.077ms
[2022-03-12T21:19:42.467+0800][147.311s] GC(8) Concurrent Scan Root Regions
[2022-03-12T21:19:42.467+0800][147.312s] GC(8) Concurrent Scan Root Regions 0.721ms
[2022-03-12T21:19:42.468+0800][147.312s] GC(8) Concurrent Mark
[2022-03-12T21:19:42.468+0800][147.312s] GC(8) Concurrent Mark From Roots
[2022-03-12T21:19:42.468+0800][147.312s] GC(8) Using 2 workers of 2 for marking
[2022-03-12T21:19:42.503+0800][147.350s] GC(8) Concurrent Mark From Roots 37.441ms
[2022-03-12T21:19:42.503+0800][147.350s] GC(8) Concurrent Preclean
[2022-03-12T21:19:42.503+0800][147.350s] GC(8) Concurrent Preclean 0.440ms
[2022-03-12T21:19:42.506+0800][147.350s] GC(8) Pause Remark
[2022-03-12T21:19:42.511+0800][147.356s] GC(8) Pause Remark 33M->33M(512M) 5.690ms
[2022-03-12T21:19:42.511+0800][147.356s] GC(8) User=0.12s Sys=0.00s Real=0.00s
[2022-03-12T21:19:42.511+0800][147.356s] GC(8) Concurrent Mark 44.346ms
[2022-03-12T21:19:42.511+0800][147.356s] GC(8) Concurrent Rebuild Remembered Sets
[2022-03-12T21:19:42.529+0800][147.374s] GC(8) Concurrent Rebuild Remembered Sets 17.318ms
[2022-03-12T21:19:42.529+0800][147.374s] GC(8) Pause Cleanup
[2022-03-12T21:19:42.529+0800][147.374s] GC(8) Pause Cleanup 34M->34M(512M) 0.235ms
[2022-03-12T21:19:42.529+0800][147.374s] GC(8) User=0.00s Sys=0.00s Real=0.00s
[2022-03-12T21:19:42.529+0800][147.375s] GC(8) Concurrent Cleanup for Next Mark
[2022-03-12T21:19:42.530+0800][147.376s] GC(8) Concurrent Cleanup for Next Mark 1.096ms
[2022-03-12T21:19:42.530+0800][147.376s] GC(8) Concurrent Mark Cycle 64.719ms
[2022-03-12T21:31:55.971+0800][880.815s] GC(9) Pause Young (Normal) (G1 Evacuation Pause)
[2022-03-12T21:31:55.971+0800][880.815s] GC(9) Using 8 workers of 8 for evacuation
[2022-03-12T21:31:55.984+0800][880.829s] GC(9)   Pre Evacuate Collection Set: 0.1ms
[2022-03-12T21:31:55.984+0800][880.829s] GC(9)   Merge Heap Roots: 0.1ms
[2022-03-12T21:31:55.984+0800][880.829s] GC(9)   Evacuate Collection Set: 12.1ms
[2022-03-12T21:31:55.984+0800][880.829s] GC(9)   Post Evacuate Collection Set: 1.0ms
[2022-03-12T21:31:55.984+0800][880.829s] GC(9)   Other: 0.4ms
[2022-03-12T21:31:55.984+0800][880.829s] GC(9) Eden regions: 306->0(287)
[2022-03-12T21:31:55.984+0800][880.829s] GC(9) Survivor regions: 1->20(39)
[2022-03-12T21:31:55.984+0800][880.829s] GC(9) Old regions: 28->28
[2022-03-12T21:31:55.984+0800][880.829s] GC(9) Archive regions: 0->0
[2022-03-12T21:31:55.984+0800][880.829s] GC(9) Humongous regions: 9->8
[2022-03-12T21:31:55.984+0800][880.829s] GC(9) Metaspace: 52398K(52800K)->52398K(52800K) NonClass: 46319K(46528K)->46319K(46528K) Class: 6078K(6272K)->6078K(6272K)
[2022-03-12T21:31:55.984+0800][880.829s] GC(9) Pause Young (Normal) (G1 Evacuation Pause) 342M->55M(512M) 14.101ms
[2022-03-12T21:31:55.984+0800][880.829s] GC(9) User=0.03s Sys=0.00s Real=0.01s
