[2022-03-13T18:43:26.078+0800][0.046s] Using G1
[2022-03-13T18:43:26.283+0800][0.250s] Version: 16+36-2231 (release)
[2022-03-13T18:43:26.283+0800][0.250s] CPUs: 12 total, 12 available
[2022-03-13T18:43:26.283+0800][0.250s] Memory: 24377M
[2022-03-13T18:43:26.283+0800][0.250s] Large Page Support: Disabled
[2022-03-13T18:43:26.283+0800][0.250s] NUMA Support: Disabled
[2022-03-13T18:43:26.283+0800][0.250s] Compressed Oops: Enabled (32-bit)
[2022-03-13T18:43:26.283+0800][0.250s] Heap Region Size: 1M
[2022-03-13T18:43:26.283+0800][0.250s] Heap Min Capacity: 512M
[2022-03-13T18:43:26.283+0800][0.250s] Heap Initial Capacity: 512M
[2022-03-13T18:43:26.283+0800][0.250s] Heap Max Capacity: 512M
[2022-03-13T18:43:26.283+0800][0.250s] Pre-touch: Enabled
[2022-03-13T18:43:26.283+0800][0.250s] Parallel Workers: 10
[2022-03-13T18:43:26.283+0800][0.250s] Concurrent Workers: 3
[2022-03-13T18:43:26.283+0800][0.250s] Concurrent Refinement Workers: 10
[2022-03-13T18:43:26.283+0800][0.250s] Periodic GC: Disabled
[2022-03-13T18:43:26.283+0800][0.251s] CDS archive(s) mapped at: [0x0000000800000000-0x0000000800bb0000-0x0000000800bb0000), size 12255232, SharedBaseAddress: 0x0000000800000000, ArchiveRelocationMode: 0.
[2022-03-13T18:43:26.283+0800][0.252s] Compressed class space mapped at: 0x0000000800c00000-0x0000000840c00000, reserved size: 1073741824
[2022-03-13T18:43:26.283+0800][0.252s] Narrow klass base: 0x0000000800000000, Narrow klass shift: 3, Narrow klass range: 0x100000000
[2022-03-13T18:43:27.098+0800][1.067s] GC(0) Pause Young (Normal) (G1 Evacuation Pause)
[2022-03-13T18:43:27.098+0800][1.068s] GC(0) Using 10 workers of 10 for evacuation
[2022-03-13T18:43:27.098+0800][1.071s] GC(0)   Pre Evacuate Collection Set: 0.1ms
[2022-03-13T18:43:27.098+0800][1.071s] GC(0)   Merge Heap Roots: 0.0ms
[2022-03-13T18:43:27.098+0800][1.071s] GC(0)   Evacuate Collection Set: 2.1ms
[2022-03-13T18:43:27.098+0800][1.071s] GC(0)   Post Evacuate Collection Set: 0.6ms
[2022-03-13T18:43:27.098+0800][1.071s] GC(0)   Other: 0.7ms
[2022-03-13T18:43:27.098+0800][1.071s] GC(0) Eden regions: 29->0(43)
[2022-03-13T18:43:27.098+0800][1.071s] GC(0) Survivor regions: 0->4(4)
[2022-03-13T18:43:27.098+0800][1.071s] GC(0) Old regions: 0->0
[2022-03-13T18:43:27.098+0800][1.071s] GC(0) Archive regions: 0->0
[2022-03-13T18:43:27.098+0800][1.071s] GC(0) Humongous regions: 0->0
[2022-03-13T18:43:27.098+0800][1.071s] GC(0) Metaspace: 6678K(6848K)->6678K(6848K) NonClass: 5913K(6016K)->5913K(6016K) Class: 764K(832K)->764K(832K)
[2022-03-13T18:43:27.098+0800][1.071s] GC(0) Pause Young (Normal) (G1 Evacuation Pause) 29M->3M(512M) 3.647ms
[2022-03-13T18:43:27.098+0800][1.071s] GC(0) User=0.00s Sys=0.00s Real=0.00s
[2022-03-13T18:43:28.055+0800][2.021s] GC(1) Pause Young (Normal) (G1 Evacuation Pause)
[2022-03-13T18:43:28.055+0800][2.021s] GC(1) Using 10 workers of 10 for evacuation
[2022-03-13T18:43:28.055+0800][2.028s] GC(1)   Pre Evacuate Collection Set: 0.1ms
[2022-03-13T18:43:28.055+0800][2.028s] GC(1)   Merge Heap Roots: 0.1ms
[2022-03-13T18:43:28.055+0800][2.028s] GC(1)   Evacuate Collection Set: 6.7ms
[2022-03-13T18:43:28.055+0800][2.029s] GC(1)   Post Evacuate Collection Set: 0.8ms
[2022-03-13T18:43:28.055+0800][2.029s] GC(1)   Other: 0.1ms
[2022-03-13T18:43:28.055+0800][2.029s] GC(1) Eden regions: 43->0(164)
[2022-03-13T18:43:28.055+0800][2.029s] GC(1) Survivor regions: 4->6(6)
[2022-03-13T18:43:28.055+0800][2.029s] GC(1) Old regions: 0->10
[2022-03-13T18:43:28.055+0800][2.029s] GC(1) Archive regions: 0->0
[2022-03-13T18:43:28.055+0800][2.029s] GC(1) Humongous regions: 4->4
[2022-03-13T18:43:28.055+0800][2.029s] GC(1) Metaspace: 15571K(15808K)->15571K(15808K) NonClass: 13787K(13888K)->13787K(13888K) Class: 1783K(1920K)->1783K(1920K)
[2022-03-13T18:43:28.055+0800][2.029s] GC(1) Pause Young (Normal) (G1 Evacuation Pause) 50M->19M(512M) 8.050ms
[2022-03-13T18:43:28.055+0800][2.029s] GC(1) User=0.00s Sys=0.00s Real=0.00s
[2022-03-13T18:43:28.794+0800][2.763s] GC(2) Pause Young (Concurrent Start) (Metadata GC Threshold)
[2022-03-13T18:43:28.794+0800][2.763s] GC(2) Using 10 workers of 10 for evacuation
[2022-03-13T18:43:28.794+0800][2.768s] GC(2)   Pre Evacuate Collection Set: 0.2ms
[2022-03-13T18:43:28.794+0800][2.768s] GC(2)   Merge Heap Roots: 0.1ms
[2022-03-13T18:43:28.794+0800][2.768s] GC(2)   Evacuate Collection Set: 3.4ms
[2022-03-13T18:43:28.794+0800][2.768s] GC(2)   Post Evacuate Collection Set: 0.9ms
[2022-03-13T18:43:28.794+0800][2.768s] GC(2)   Other: 0.6ms
[2022-03-13T18:43:28.794+0800][2.768s] GC(2) Eden regions: 45->0(76)
[2022-03-13T18:43:28.794+0800][2.768s] GC(2) Survivor regions: 6->11(22)
[2022-03-13T18:43:28.794+0800][2.768s] GC(2) Old regions: 10->10
[2022-03-13T18:43:28.794+0800][2.768s] GC(2) Archive regions: 0->0
[2022-03-13T18:43:28.794+0800][2.768s] GC(2) Humongous regions: 4->4
[2022-03-13T18:43:28.794+0800][2.768s] GC(2) Metaspace: 21039K(21248K)->21039K(21248K) NonClass: 18708K(18816K)->18708K(18816K) Class: 2330K(2432K)->2330K(2432K)
[2022-03-13T18:43:28.794+0800][2.768s] GC(2) Pause Young (Concurrent Start) (Metadata GC Threshold) 63M->23M(512M) 5.372ms
[2022-03-13T18:43:28.794+0800][2.768s] GC(2) User=0.00s Sys=0.00s Real=0.00s
[2022-03-13T18:43:28.794+0800][2.768s] GC(3) Concurrent Mark Cycle
[2022-03-13T18:43:28.794+0800][2.768s] GC(3) Concurrent Clear Claimed Marks
[2022-03-13T18:43:28.794+0800][2.768s] GC(3) Concurrent Clear Claimed Marks 0.026ms
[2022-03-13T18:43:28.794+0800][2.768s] GC(3) Concurrent Scan Root Regions
[2022-03-13T18:43:28.794+0800][2.770s] GC(3) Concurrent Scan Root Regions 2.048ms
[2022-03-13T18:43:28.794+0800][2.771s] GC(3) Concurrent Mark
[2022-03-13T18:43:28.794+0800][2.771s] GC(3) Concurrent Mark From Roots
[2022-03-13T18:43:28.794+0800][2.771s] GC(3) Using 3 workers of 3 for marking
[2022-03-13T18:43:28.809+0800][2.778s] GC(3) Concurrent Mark From Roots 7.627ms
[2022-03-13T18:43:28.809+0800][2.778s] GC(3) Concurrent Preclean
[2022-03-13T18:43:28.809+0800][2.778s] GC(3) Concurrent Preclean 0.125ms
[2022-03-13T18:43:28.809+0800][2.779s] GC(3) Pause Remark
[2022-03-13T18:43:28.809+0800][2.782s] GC(3) Pause Remark 25M->25M(512M) 2.948ms
[2022-03-13T18:43:28.809+0800][2.782s] GC(3) User=0.00s Sys=0.00s Real=0.00s
[2022-03-13T18:43:28.809+0800][2.782s] GC(3) Concurrent Mark 11.129ms
[2022-03-13T18:43:28.809+0800][2.782s] GC(3) Concurrent Rebuild Remembered Sets
[2022-03-13T18:43:28.809+0800][2.785s] GC(3) Concurrent Rebuild Remembered Sets 3.671ms
[2022-03-13T18:43:28.809+0800][2.786s] GC(3) Pause Cleanup
[2022-03-13T18:43:28.809+0800][2.786s] GC(3) Pause Cleanup 25M->25M(512M) 0.166ms
[2022-03-13T18:43:28.809+0800][2.786s] GC(3) User=0.00s Sys=0.00s Real=0.00s
[2022-03-13T18:43:28.809+0800][2.786s] GC(3) Concurrent Cleanup for Next Mark
[2022-03-13T18:43:28.809+0800][2.786s] GC(3) Concurrent Cleanup for Next Mark 0.291ms
[2022-03-13T18:43:28.809+0800][2.786s] GC(3) Concurrent Mark Cycle 17.836ms
[2022-03-13T18:43:30.207+0800][4.182s] GC(4) Pause Young (Normal) (G1 Evacuation Pause)
[2022-03-13T18:43:30.207+0800][4.182s] GC(4) Using 10 workers of 10 for evacuation
[2022-03-13T18:43:30.222+0800][4.188s] GC(4)   Pre Evacuate Collection Set: 0.1ms
[2022-03-13T18:43:30.222+0800][4.188s] GC(4)   Merge Heap Roots: 0.1ms
[2022-03-13T18:43:30.222+0800][4.188s] GC(4)   Evacuate Collection Set: 4.6ms
[2022-03-13T18:43:30.222+0800][4.188s] GC(4)   Post Evacuate Collection Set: 0.8ms
[2022-03-13T18:43:30.222+0800][4.188s] GC(4)   Other: 0.2ms
[2022-03-13T18:43:30.222+0800][4.188s] GC(4) Eden regions: 79->0(297)
[2022-03-13T18:43:30.222+0800][4.188s] GC(4) Survivor regions: 11->10(12)
[2022-03-13T18:43:30.222+0800][4.188s] GC(4) Old regions: 10->16
[2022-03-13T18:43:30.222+0800][4.188s] GC(4) Archive regions: 0->0
[2022-03-13T18:43:30.222+0800][4.188s] GC(4) Humongous regions: 4->4
[2022-03-13T18:43:30.222+0800][4.188s] GC(4) Metaspace: 34199K(34560K)->34199K(34560K) NonClass: 30256K(30464K)->30256K(30464K) Class: 3942K(4096K)->3942K(4096K)
[2022-03-13T18:43:30.222+0800][4.188s] GC(4) Pause Young (Normal) (G1 Evacuation Pause) 102M->28M(512M) 5.885ms
[2022-03-13T18:43:30.222+0800][4.188s] GC(4) User=0.17s Sys=0.00s Real=0.01s
[2022-03-13T18:43:30.392+0800][4.359s] GC(5) Pause Young (Concurrent Start) (Metadata GC Threshold)
[2022-03-13T18:43:30.392+0800][4.359s] GC(5) Using 10 workers of 10 for evacuation
[2022-03-13T18:43:30.395+0800][4.363s] GC(5)   Pre Evacuate Collection Set: 0.1ms
[2022-03-13T18:43:30.395+0800][4.363s] GC(5)   Merge Heap Roots: 0.1ms
[2022-03-13T18:43:30.395+0800][4.363s] GC(5)   Evacuate Collection Set: 3.4ms
[2022-03-13T18:43:30.395+0800][4.363s] GC(5)   Post Evacuate Collection Set: 0.5ms
[2022-03-13T18:43:30.395+0800][4.363s] GC(5)   Other: 0.2ms
[2022-03-13T18:43:30.395+0800][4.363s] GC(5) Eden regions: 10->0(296)
[2022-03-13T18:43:30.395+0800][4.363s] GC(5) Survivor regions: 10->11(39)
[2022-03-13T18:43:30.395+0800][4.363s] GC(5) Old regions: 16->16
[2022-03-13T18:43:30.395+0800][4.363s] GC(5) Archive regions: 0->0
[2022-03-13T18:43:30.395+0800][4.363s] GC(5) Humongous regions: 5->4
[2022-03-13T18:43:30.395+0800][4.363s] GC(5) Metaspace: 35541K(35840K)->35541K(35840K) NonClass: 31431K(31552K)->31431K(31552K) Class: 4109K(4288K)->4109K(4288K)
[2022-03-13T18:43:30.395+0800][4.363s] GC(5) Pause Young (Concurrent Start) (Metadata GC Threshold) 39M->30M(512M) 4.437ms
[2022-03-13T18:43:30.395+0800][4.363s] GC(5) User=0.00s Sys=0.00s Real=0.00s
[2022-03-13T18:43:30.395+0800][4.363s] GC(6) Concurrent Mark Cycle
[2022-03-13T18:43:30.395+0800][4.363s] GC(6) Concurrent Clear Claimed Marks
[2022-03-13T18:43:30.395+0800][4.363s] GC(6) Concurrent Clear Claimed Marks 0.036ms
[2022-03-13T18:43:30.395+0800][4.363s] GC(6) Concurrent Scan Root Regions
[2022-03-13T18:43:30.395+0800][4.366s] GC(6) Concurrent Scan Root Regions 2.551ms
[2022-03-13T18:43:30.395+0800][4.366s] GC(6) Concurrent Mark
[2022-03-13T18:43:30.395+0800][4.366s] GC(6) Concurrent Mark From Roots
[2022-03-13T18:43:30.395+0800][4.366s] GC(6) Using 3 workers of 3 for marking
[2022-03-13T18:43:30.411+0800][4.377s] GC(6) Concurrent Mark From Roots 11.255ms
[2022-03-13T18:43:30.411+0800][4.377s] GC(6) Concurrent Preclean
[2022-03-13T18:43:30.411+0800][4.377s] GC(6) Concurrent Preclean 0.145ms
[2022-03-13T18:43:30.426+0800][4.391s] GC(6) Pause Remark
[2022-03-13T18:43:30.426+0800][4.393s] GC(6) Pause Remark 31M->31M(512M) 2.675ms
[2022-03-13T18:43:30.426+0800][4.393s] GC(6) User=0.00s Sys=0.00s Real=0.00s
[2022-03-13T18:43:30.426+0800][4.393s] GC(6) Concurrent Mark 27.555ms
[2022-03-13T18:43:30.426+0800][4.393s] GC(6) Concurrent Rebuild Remembered Sets
[2022-03-13T18:43:30.426+0800][4.400s] GC(6) Concurrent Rebuild Remembered Sets 6.456ms
[2022-03-13T18:43:30.426+0800][4.400s] GC(6) Pause Cleanup
[2022-03-13T18:43:30.426+0800][4.400s] GC(6) Pause Cleanup 31M->31M(512M) 0.148ms
[2022-03-13T18:43:30.426+0800][4.400s] GC(6) User=0.00s Sys=0.00s Real=0.00s
[2022-03-13T18:43:30.426+0800][4.400s] GC(6) Concurrent Cleanup for Next Mark
[2022-03-13T18:43:30.426+0800][4.401s] GC(6) Concurrent Cleanup for Next Mark 0.295ms
[2022-03-13T18:43:30.426+0800][4.401s] GC(6) Concurrent Mark Cycle 37.540ms
[2022-03-13T19:45:29.140+0800][3723.105s] Heap
[2022-03-13T19:45:29.140+0800][3723.105s]  garbage-first heap   total 524288K, used 215447K [0x00000000e0000000, 0x0000000100000000)
[2022-03-13T19:45:29.140+0800][3723.105s]   region size 1024K, 192 young (196608K), 11 survivors (11264K)
[2022-03-13T19:45:29.140+0800][3723.105s]  Metaspace       used 49608K, committed 50048K, reserved 1097728K
[2022-03-13T19:45:29.140+0800][3723.105s]   class space    used 5783K, committed 6016K, reserved 1048576K
